Archive member included because of file (symbol)

C:\projects\lpc_board_nxp_lpcxpresso_1769\Debug\liblpc_board_nxp_lpcxpresso_1769.a(board.o)
                              ./example/src/MassStorageHost.o (Board_Debug_Init)
C:\projects\lpc_board_nxp_lpcxpresso_1769\Debug\liblpc_board_nxp_lpcxpresso_1769.a(board_sysinit.o)
                              ./example/src/sysinit.o (Board_SystemInit)
C:\projects\lpc_chip_175x_6x\Debug\liblpc_chip_175x_6x.a(chip_17xx_40xx.o)
                              ./example/src/MassStorageHost.o (SystemCoreClockUpdate)
C:\projects\lpc_chip_175x_6x\Debug\liblpc_chip_175x_6x.a(clock_17xx_40xx.o)
                              ./lpcusblib/Drivers/USB/Core/HAL/LPC17XX/HAL_LPC17xx.o (Chip_Clock_EnablePLL)
C:\projects\lpc_chip_175x_6x\Debug\liblpc_chip_175x_6x.a(i2s_17xx_40xx.o)
                              C:\projects\lpc_board_nxp_lpcxpresso_1769\Debug\liblpc_board_nxp_lpcxpresso_1769.a(board.o) (Chip_I2S_Init)
C:\projects\lpc_chip_175x_6x\Debug\liblpc_chip_175x_6x.a(iocon_17xx_40xx.o)
                              ./lpcusblib/Drivers/USB/Core/HAL/LPC17XX/HAL_LPC17xx.o (Chip_IOCON_PinMux)
C:\projects\lpc_chip_175x_6x\Debug\liblpc_chip_175x_6x.a(rtc_17xx_40xx.o)
                              ./fatfs/src/rtc.o (Chip_RTC_Enable)
C:\projects\lpc_chip_175x_6x\Debug\liblpc_chip_175x_6x.a(sysinit_17xx_40xx.o)
                              C:\projects\lpc_board_nxp_lpcxpresso_1769\Debug\liblpc_board_nxp_lpcxpresso_1769.a(board_sysinit.o) (Chip_SetupXtalClocking)
C:\projects\lpc_chip_175x_6x\Debug\liblpc_chip_175x_6x.a(uart_17xx_40xx.o)
                              C:\projects\lpc_board_nxp_lpcxpresso_1769\Debug\liblpc_board_nxp_lpcxpresso_1769.a(board.o) (Chip_UART_TXEnable)
C:\projects\lpc_chip_175x_6x\Debug\liblpc_chip_175x_6x.a(ring_buffer.o)
                              C:\projects\lpc_chip_175x_6x\Debug\liblpc_chip_175x_6x.a(uart_17xx_40xx.o) (RingBuffer_Insert)
c:/nxp/lpcxpresso_7.2.0_153/lpcxpresso/tools/bin/../lib/gcc/arm-none-eabi/4.8.3/../../../../arm-none-eabi/lib/armv7-m\libcr_nohost.a(_cr__main.o)
                              ./example/src/cr_startup_lpc175x_6x.o (__main)
c:/nxp/lpcxpresso_7.2.0_153/lpcxpresso/tools/bin/../lib/gcc/arm-none-eabi/4.8.3/../../../../arm-none-eabi/lib/armv7-m\libcr_c.a(memcpy.o)
                              ./lpcusblib/Drivers/USB/Class/Common/HIDParser.o (memcpy)
c:/nxp/lpcxpresso_7.2.0_153/lpcxpresso/tools/bin/../lib/gcc/arm-none-eabi/4.8.3/../../../../arm-none-eabi/lib/armv7-m\libcr_c.a(memset.o)
                              ./lpcusblib/Drivers/USB/Core/HCD/OHCI/OHCI.o (memset)
c:/nxp/lpcxpresso_7.2.0_153/lpcxpresso/tools/bin/../lib/gcc/arm-none-eabi/4.8.3/../../../../arm-none-eabi/lib/armv7-m\libcr_c.a(fpprintf.o)
                              ./example/src/MassStorageHost.o (sprintf)
c:/nxp/lpcxpresso_7.2.0_153/lpcxpresso/tools/bin/../lib/gcc/arm-none-eabi/4.8.3/../../../../arm-none-eabi/lib/armv7-m\libcr_c.a(initio.o)
                              c:/nxp/lpcxpresso_7.2.0_153/lpcxpresso/tools/bin/../lib/gcc/arm-none-eabi/4.8.3/../../../../arm-none-eabi/lib/armv7-m\libcr_nohost.a(_cr__main.o) (_initio)
c:/nxp/lpcxpresso_7.2.0_153/lpcxpresso/tools/bin/../lib/gcc/arm-none-eabi/4.8.3/../../../../arm-none-eabi/lib/armv7-m\libcr_c.a(printf.o)
                              c:/nxp/lpcxpresso_7.2.0_153/lpcxpresso/tools/bin/../lib/gcc/arm-none-eabi/4.8.3/../../../../arm-none-eabi/lib/armv7-m\libcr_c.a(fpprintf.o) (__vfprintf)
c:/nxp/lpcxpresso_7.2.0_153/lpcxpresso/tools/bin/../lib/gcc/arm-none-eabi/4.8.3/../../../../arm-none-eabi/lib/armv7-m\libcr_c.a(setvbuf.o)
                              c:/nxp/lpcxpresso_7.2.0_153/lpcxpresso/tools/bin/../lib/gcc/arm-none-eabi/4.8.3/../../../../arm-none-eabi/lib/armv7-m\libcr_c.a(initio.o) (setvbuf)
c:/nxp/lpcxpresso_7.2.0_153/lpcxpresso/tools/bin/../lib/gcc/arm-none-eabi/4.8.3/../../../../arm-none-eabi/lib/armv7-m\libcr_c.a(stdio.o)
                              c:/nxp/lpcxpresso_7.2.0_153/lpcxpresso/tools/bin/../lib/gcc/arm-none-eabi/4.8.3/../../../../arm-none-eabi/lib/armv7-m\libcr_c.a(fpprintf.o) (__Ciob)
c:/nxp/lpcxpresso_7.2.0_153/lpcxpresso/tools/bin/../lib/gcc/arm-none-eabi/4.8.3/../../../../arm-none-eabi/lib/armv7-m\libcr_c.a(strlen.o)
                              c:/nxp/lpcxpresso_7.2.0_153/lpcxpresso/tools/bin/../lib/gcc/arm-none-eabi/4.8.3/../../../../arm-none-eabi/lib/armv7-m\libcr_c.a(printf.o) (strlen)
c:/nxp/lpcxpresso_7.2.0_153/lpcxpresso/tools/bin/../lib/gcc/arm-none-eabi/4.8.3/../../../../arm-none-eabi/lib/armv7-m\libcr_c.a(__fillbuf.o)
                              c:/nxp/lpcxpresso_7.2.0_153/lpcxpresso/tools/bin/../lib/gcc/arm-none-eabi/4.8.3/../../../../arm-none-eabi/lib/armv7-m\libcr_c.a(stdio.o) (__filbuf)
c:/nxp/lpcxpresso_7.2.0_153/lpcxpresso/tools/bin/../lib/gcc/arm-none-eabi/4.8.3/../../../../arm-none-eabi/lib/armv7-m\libcr_c.a(_deferredlazyseek.o)
[...]
Memory Configuration

Name             Origin             Length             Attributes
MFlash512        0x00000000         0x00080000         xr
RamAHB32         0x2007c000         0x00008000         xrw
RamLoc32         0x10000000         0x00008000         xrw
*default*        0x00000000         0xffffffff

Linker script and memory map

LOAD ./lpcusblib/Drivers/USB/Core/HCD/OHCI/OHCI.o
LOAD ./lpcusblib/Drivers/USB/Core/HCD/HCD.o
LOAD ./lpcusblib/Drivers/USB/Core/HAL/LPC17XX/HAL_LPC17xx.o
LOAD ./lpcusblib/Drivers/USB/Core/ConfigDescriptor.o
LOAD ./lpcusblib/Drivers/USB/Core/Host.o
LOAD ./lpcusblib/Drivers/USB/Core/HostStandardReq.o
LOAD ./lpcusblib/Drivers/USB/Core/Pipe.o
LOAD ./lpcusblib/Drivers/USB/Core/PipeStream.o
LOAD ./lpcusblib/Drivers/USB/Core/USBController.o
LOAD ./lpcusblib/Drivers/USB/Core/USBMemory.o
LOAD ./lpcusblib/Drivers/USB/Core/USBTask.o
LOAD ./lpcusblib/Drivers/USB/Class/Host/MassStorageClassHost.o
LOAD ./lpcusblib/Drivers/USB/Class/Common/HIDParser.o
LOAD ./fatfs/src/ff.o
LOAD ./fatfs/src/fs_usb.o
LOAD ./fatfs/src/rtc.o
LOAD ./example/src/MassStorageHost.o
LOAD ./example/src/cr_startup_lpc175x_6x.o
LOAD ./example/src/sysinit.o
LOAD C:\projects\lpc_board_nxp_lpcxpresso_1769\Debug\liblpc_board_nxp_lpcxpresso_1769.a
LOAD C:\projects\lpc_chip_175x_6x\Debug\liblpc_chip_175x_6x.a
START GROUP
LOAD c:/nxp/lpcxpresso_7.2.0_153/lpcxpresso/tools/bin/../lib/gcc/arm-none-eabi/4.8.3/../../../../arm-none-eabi/lib/armv7-m\libcr_nohost.a
LOAD c:/nxp/lpcxpresso_7.2.0_153/lpcxpresso/tools/bin/../lib/gcc/arm-none-eabi/4.8.3/../../../../arm-none-eabi/lib/armv7-m\libcr_c.a
LOAD c:/nxp/lpcxpresso_7.2.0_153/lpcxpresso/tools/bin/../lib/gcc/arm-none-eabi/4.8.3/armv7-m\libcr_eabihelpers.a
END GROUP
                0x00080000                __top_MFlash512 = 0x80000
                0x20084000                __top_RamAHB32 = 0x20084000
                0x10008000                __top_RamLoc32 = 0x10008000

.text           0x00000000     0x6fe8
 FILL mask 0xff
                0x00000000                __vectors_start__ = ABSOLUTE (.)
 *(.isr_vector)
 .isr_vector    0x00000000       0xcc ./example/src/cr_startup_lpc175x_6x.o
                0x00000000                g_pfnVectors
                0x000000cc                . = ALIGN (0x4)
                0x000000cc                __section_table_start = .
                0x000000cc                __data_section_table = .
                0x000000cc        0x4 LONG 0x6fe8 LOADADDR (.data)
                0x000000d0        0x4 LONG 0x2007c000 ADDR (.data)
                0x000000d4        0x4 LONG 0x18 SIZEOF (.data)
                0x000000d8        0x4 LONG 0x6fe8 LOADADDR (.data_RAM2)
                0x000000dc        0x4 LONG 0x10000000 ADDR (.data_RAM2)
                0x000000e0        0x4 LONG 0x0 SIZEOF (.data_RAM2)
                0x000000e4                __data_section_table_end = .
                0x000000e4                __bss_section_table = .
                0x000000e4        0x4 LONG 0x2007c018 ADDR (.bss)
                0x000000e8        0x4 LONG 0x2660 SIZEOF (.bss)
                0x000000ec        0x4 LONG 0x10000000 ADDR (.bss_RAM2)
                0x000000f0        0x4 LONG 0x1508 SIZEOF (.bss_RAM2)
                0x000000f4                __bss_section_table_end = .
                0x000000f4                __section_table_end = .
 *(.after_vectors*)
 .after_vectors
                0x000000f4       0xa4 ./example/src/cr_startup_lpc175x_6x.o
                0x000000f4                NMI_Handler
                0x000000f8                HardFault_Handler
                0x000000fc                MemManage_Handler
                0x00000100                BusFault_Handler
                0x00000104                UsageFault_Handler
                0x00000108                SVC_Handler
                0x0000010c                DebugMon_Handler
                0x00000110                PendSV_Handler
                0x00000114                SysTick_Handler
                0x00000118                I2C0_IRQHandler
                0x00000118                I2C1_IRQHandler
                0x00000118                EINT2_IRQHandler
                0x00000118                UART1_IRQHandler
                0x00000118                EINT3_IRQHandler
                0x00000118                CANActivity_IRQHandler
                0x00000118                TIMER3_IRQHandler
                0x00000118                UART0_IRQHandler
                0x00000118                UART3_IRQHandler
                0x00000118                RIT_IRQHandler
                0x00000118                IntDefaultHandler
                0x00000118                PLL0_IRQHandler
                0x00000118                PWM1_IRQHandler
                0x00000118                PLL1_IRQHandler
                0x00000118                SSP0_IRQHandler
                0x00000118                I2S_IRQHandler
                0x00000118                I2C2_IRQHandler
                0x00000118                RTC_IRQHandler
                0x00000118                TIMER0_IRQHandler
                0x00000118                SPI_IRQHandler
                0x00000118                USBActivity_IRQHandler
                0x00000118                EINT1_IRQHandler
                0x00000118                TIMER1_IRQHandler
                0x00000118                UART2_IRQHandler
                0x00000118                ADC_IRQHandler
                0x00000118                SSP1_IRQHandler
                0x00000118                BOD_IRQHandler
                0x00000118                CAN_IRQHandler
                0x00000118                WDT_IRQHandler
                0x00000118                TIMER2_IRQHandler
                0x00000118                QEI_IRQHandler
                0x00000118                EINT0_IRQHandler
                0x00000118                ETH_IRQHandler
                0x00000118                DMA_IRQHandler
                0x00000118                MCPWM_IRQHandler
                0x0000011c                data_init
                0x00000138                bss_init
                0x0000014c                ResetISR
 *(.text*)
 .text.ProcessDoneQueue
                0x00000198       0xec ./lpcusblib/Drivers/USB/Core/HCD/OHCI/OHCI.o
 .text.WaitForTransferComplete
                0x00000284       0x18 ./lpcusblib/Drivers/USB/Core/HCD/OHCI/OHCI.o
 .text.PipehandleCreate
                0x0000029c        0x8 ./lpcusblib/Drivers/USB/Core/HCD/OHCI/OHCI.o
 .text.PipehandleParse
                0x000002a4       0x34 ./lpcusblib/Drivers/USB/Core/HCD/OHCI/OHCI.o
 .text.OHciRhStatusChangeIsr
                0x000002d8       0x10 ./lpcusblib/Drivers/USB/Core/HCD/OHCI/OHCI.o
 .text.QueueOneGTD
                0x000002e8       0xb4 ./lpcusblib/Drivers/USB/Core/HCD/OHCI/OHCI.o
 .text.QueueGTDs
                0x0000039c       0x4c ./lpcusblib/Drivers/USB/Core/HCD/OHCI/OHCI.o
 .text.QueueOneITD
                0x000003e8      0x100 ./lpcusblib/Drivers/USB/Core/HCD/OHCI/OHCI.o
 .text.HcdGetDeviceSpeed
                0x000004e8       0x20 ./lpcusblib/Drivers/USB/Core/HCD/OHCI/OHCI.o
                0x000004e8                HcdGetDeviceSpeed
 .text.HcdGetFrameNumber
                0x00000508       0x18 ./lpcusblib/Drivers/USB/Core/HCD/OHCI/OHCI.o
                0x00000508                HcdGetFrameNumber
 .text.QueueITDs
                0x00000520       0x68 ./lpcusblib/Drivers/USB/Core/HCD/OHCI/OHCI.o
 .text.HcdRhPortReset
                0x00000588       0x34 ./lpcusblib/Drivers/USB/Core/HCD/OHCI/OHCI.o
                0x00000588                HcdRhPortReset
 .text.HcdInitDriver
                0x000005bc       0xfc ./lpcusblib/Drivers/USB/Core/HCD/OHCI/OHCI.o
                0x000005bc                HcdInitDriver
 .text.HcdDeInitDriver
                0x000006b8       0x10 ./lpcusblib/Drivers/USB/Core/HCD/OHCI/OHCI.o
                0x000006b8                HcdDeInitDriver
 .text.HcdOpenPipe
                0x000006c8      0x254 ./lpcusblib/Drivers/USB/Core/HCD/OHCI/OHCI.o
                0x000006c8                HcdOpenPipe
 .text.HcdCancelTransfer
                0x0000091c       0x94 ./lpcusblib/Drivers/USB/Core/HCD/OHCI/OHCI.o
                0x0000091c                HcdCancelTransfer
 .text.HcdClosePipe
                0x000009b0       0x94 ./lpcusblib/Drivers/USB/Core/HCD/OHCI/OHCI.o
                0x000009b0                HcdClosePipe
 .text.HcdClearEndpointHalt
                0x00000a44       0x38 ./lpcusblib/Drivers/USB/Core/HCD/OHCI/OHCI.o
                0x00000a44                HcdClearEndpointHalt
 .text.HcdControlTransfer
                0x00000a7c       0xc4 ./lpcusblib/Drivers/USB/Core/HCD/OHCI/OHCI.o
                0x00000a7c                HcdControlTransfer
 .text.HcdDataTransfer
                0x00000b40       0xb8 ./lpcusblib/Drivers/USB/Core/HCD/OHCI/OHCI.o
                0x00000b40                HcdDataTransfer
 .text.HcdGetPipeStatus
                0x00000bf8       0x30 ./lpcusblib/Drivers/USB/Core/HCD/OHCI/OHCI.o
                0x00000bf8                HcdGetPipeStatus
 .text.HcdIrqHandler
                0x00000c28       0xb8 ./lpcusblib/Drivers/USB/Core/HCD/OHCI/OHCI.o
                0x00000c28                HcdIrqHandler
 .text.HcdSetStreamPacketSize
                0x00000ce0        0x4 ./lpcusblib/Drivers/USB/Core/HCD/OHCI/OHCI.o
                0x00000ce0                HcdSetStreamPacketSize
 .text.HcdDelayUS
                0x00000ce4       0x1c ./lpcusblib/Drivers/USB/Core/HCD/HCD.o
                0x00000ce4                HcdDelayUS
 .text.HcdDelayMS
                0x00000d00       0x28 ./lpcusblib/Drivers/USB/Core/HCD/HCD.o
                0x00000d00                HcdDelayMS
 .text.OpenPipe_VerifyParameters
                0x00000d28       0xfc ./lpcusblib/Drivers/USB/Core/HCD/HCD.o
                0x00000d28                OpenPipe_VerifyParameters
 .text.HAL_USBInit
                0x00000e24       0x64 ./lpcusblib/Drivers/USB/Core/HAL/LPC17XX/HAL_LPC17xx.o
                0x00000e24                HAL_USBInit
 .text.HAL_EnableUSBInterrupt
                0x00000e88       0x10 ./lpcusblib/Drivers/USB/Core/HAL/LPC17XX/HAL_LPC17xx.o
                0x00000e88                HAL_EnableUSBInterrupt
 .text.USB_IRQHandler
                0x00000e98       0x1c ./lpcusblib/Drivers/USB/Core/HAL/LPC17XX/HAL_LPC17xx.o
                0x00000e98                USB_IRQHandler
 .text.USB_Host_GetDeviceConfigDescriptor
                0x00000eb4       0x74 ./lpcusblib/Drivers/USB/Core/ConfigDescriptor.o
                0x00000eb4                USB_Host_GetDeviceConfigDescriptor
 .text.USB_GetNextDescriptorComp
                0x00000f28       0x40 ./lpcusblib/Drivers/USB/Core/ConfigDescriptor.o
                0x00000f28                USB_GetNextDescriptorComp
 .text.USB_Host_WaitMS
                0x00000f68        0x4 ./lpcusblib/Drivers/USB/Core/Host.o
                0x00000f68                USB_Host_WaitMS
 .text.USB_Host_Enumerate
                0x00000f6c       0x14 ./lpcusblib/Drivers/USB/Core/Host.o
                0x00000f6c                USB_Host_Enumerate
 .text.USB_Host_DeEnumerate
                0x00000f80       0x40 ./lpcusblib/Drivers/USB/Core/Host.o
                0x00000f80                USB_Host_DeEnumerate
 .text.USB_Host_GetActiveHost
                0x00000fc0        0xc ./lpcusblib/Drivers/USB/Core/Host.o
                0x00000fc0                USB_Host_GetActiveHost
 .text.USB_Host_SetDeviceSpeed
                0x00000fcc        0xc ./lpcusblib/Drivers/USB/Core/Host.o
                0x00000fcc                USB_Host_SetDeviceSpeed
 .text.USB_Host_ProcessNextHostState
                0x00000fd8      0x234 ./lpcusblib/Drivers/USB/Core/Host.o
                0x00000fd8                USB_Host_ProcessNextHostState
 .text.USB_Host_GetFrameNumber
                0x0000120c       0x10 ./lpcusblib/Drivers/USB/Core/Host.o
                0x0000120c                USB_Host_GetFrameNumber
 .text.USB_Host_SendControlRequest
                0x0000121c       0xd0 ./lpcusblib/Drivers/USB/Core/HostStandardReq.o
                0x0000121c                USB_Host_SendControlRequest
 .text.USB_Host_SetDeviceConfiguration
                0x000012ec       0x4c ./lpcusblib/Drivers/USB/Core/HostStandardReq.o
                0x000012ec                USB_Host_SetDeviceConfiguration
 .text.USB_Host_ClearEndpointStall
                0x00001338       0x2c ./lpcusblib/Drivers/USB/Core/HostStandardReq.o
                0x00001338                USB_Host_ClearEndpointStall
 .text.Pipe_ConfigurePipe
                0x00001364       0xb0 ./lpcusblib/Drivers/USB/Core/Pipe.o
                0x00001364                Pipe_ConfigurePipe
 .text.Pipe_ClosePipe
                0x00001414       0x2c ./lpcusblib/Drivers/USB/Core/Pipe.o
                0x00001414                Pipe_ClosePipe
 .text.Pipe_IsEndpointBound
                0x00001440        0x4 ./lpcusblib/Drivers/USB/Core/Pipe.o
                0x00001440                Pipe_IsEndpointBound
 .text.Pipe_WaitUntilReady
                0x00001444       0xa8 ./lpcusblib/Drivers/USB/Core/Pipe.o
                0x00001444                Pipe_WaitUntilReady
 .text.Pipe_IsINReceived
                0x000014ec       0x60 ./lpcusblib/Drivers/USB/Core/Pipe.o
                0x000014ec                Pipe_IsINReceived
 .text.Pipe_Write_Stream_LE
                0x0000154c       0x68 ./lpcusblib/Drivers/USB/Core/PipeStream.o
                0x0000154c                Pipe_Write_Stream_LE
 .text.Pipe_Read_Stream_LE
                0x000015b4      0x11c ./lpcusblib/Drivers/USB/Core/PipeStream.o
                0x000015b4                Pipe_Read_Stream_LE
 .text.Pipe_Streaming
                0x000016d0       0x5c ./lpcusblib/Drivers/USB/Core/PipeStream.o
                0x000016d0                Pipe_Streaming
 .text.USB_Init_Host
                0x0000172c       0x48 ./lpcusblib/Drivers/USB/Core/USBController.o
 .text.USB_ResetInterface
                0x00001774       0x10 ./lpcusblib/Drivers/USB/Core/USBController.o
                0x00001774                USB_ResetInterface
 .text.USB_Init
                0x00001784       0x48 ./lpcusblib/Drivers/USB/Core/USBController.o
                0x00001784                USB_Init
 .text.USB_Memory_Init
                0x000017cc       0x28 ./lpcusblib/Drivers/USB/Core/USBMemory.o
                0x000017cc                USB_Memory_Init
 .text.USB_Memory_Alloc
                0x000017f4       0x94 ./lpcusblib/Drivers/USB/Core/USBMemory.o
                0x000017f4                USB_Memory_Alloc
 .text.USB_Memory_Free
                0x00001888       0xb4 ./lpcusblib/Drivers/USB/Core/USBMemory.o
                0x00001888                USB_Memory_Free
 .text.USB_HostTask
                0x0000193c       0x18 ./lpcusblib/Drivers/USB/Core/USBTask.o
 .text.USB_USBTask
                0x00001954        0x8 ./lpcusblib/Drivers/USB/Core/USBTask.o
                0x00001954                USB_USBTask
 .text.DCOMP_MS_Host_NextMSInterface
                0x0000195c       0x2c ./lpcusblib/Drivers/USB/Class/Host/MassStorageClassHost.o
 .text.DCOMP_MS_Host_NextMSInterfaceEndpoint
                0x00001988       0x30 ./lpcusblib/Drivers/USB/Class/Host/MassStorageClassHost.o
 .text.MS_Host_SendReceiveData
                0x000019b8       0x64 ./lpcusblib/Drivers/USB/Class/Host/MassStorageClassHost.o
 .text.MS_Host_WaitForDataReceived
                0x00001a1c      0x100 ./lpcusblib/Drivers/USB/Class/Host/MassStorageClassHost.o
 .text.MS_Host_GetReturnedStatus
                0x00001b1c       0x4c ./lpcusblib/Drivers/USB/Class/Host/MassStorageClassHost.o
 .text.MS_Host_SendCommand
                0x00001b68       0xac ./lpcusblib/Drivers/USB/Class/Host/MassStorageClassHost.o
 .text.MS_Host_ConfigurePipes
                0x00001c14       0xf4 ./lpcusblib/Drivers/USB/Class/Host/MassStorageClassHost.o
                0x00001c14                MS_Host_ConfigurePipes
 .text.MS_Host_ResetMSInterface
                0x00001d08       0x70 ./lpcusblib/Drivers/USB/Class/Host/MassStorageClassHost.o
                0x00001d08                MS_Host_ResetMSInterface
 .text.MS_Host_GetMaxLUN
                0x00001d78       0x3c ./lpcusblib/Drivers/USB/Class/Host/MassStorageClassHost.o
                0x00001d78                MS_Host_GetMaxLUN
 .text.MS_Host_GetInquiryData
                0x00001db4       0x5c ./lpcusblib/Drivers/USB/Class/Host/MassStorageClassHost.o
                0x00001db4                MS_Host_GetInquiryData
 .text.MS_Host_TestUnitReady
                0x00001e10       0x54 ./lpcusblib/Drivers/USB/Class/Host/MassStorageClassHost.o
                0x00001e10                MS_Host_TestUnitReady
 .text.MS_Host_ReadDeviceCapacity
                0x00001e64       0x94 ./lpcusblib/Drivers/USB/Class/Host/MassStorageClassHost.o
                0x00001e64                MS_Host_ReadDeviceCapacity
 .text.MS_Host_RequestSense
                0x00001ef8       0x5c ./lpcusblib/Drivers/USB/Class/Host/MassStorageClassHost.o
                0x00001ef8                MS_Host_RequestSense
 .text.MS_Host_ReadDeviceBlocks
                0x00001f54       0x7c ./lpcusblib/Drivers/USB/Class/Host/MassStorageClassHost.o
                0x00001f54                MS_Host_ReadDeviceBlocks
 .text.MS_Host_WriteDeviceBlocks
                0x00001fd0       0x78 ./lpcusblib/Drivers/USB/Class/Host/MassStorageClassHost.o
                0x00001fd0                MS_Host_WriteDeviceBlocks
 .text.mem_cpy  0x00002048       0x14 ./fatfs/src/ff.o
 .text.mem_set  0x0000205c       0x14 ./fatfs/src/ff.o
 .text.mem_cmp  0x00002070       0x24 ./fatfs/src/ff.o
 .text.chk_chr  0x00002094       0x10 ./fatfs/src/ff.o
 .text.ld_clust
                0x000020a4       0x20 ./fatfs/src/ff.o
 .text.st_clust
                0x000020c4       0x14 ./fatfs/src/ff.o
 .text.create_name
                0x000020d8      0x158 ./fatfs/src/ff.o
 .text.get_fileinfo
                0x00002230       0x80 ./fatfs/src/ff.o
 .text.move_window
                0x000022b0       0x84 ./fatfs/src/ff.o
 .text.check_fs
                0x00002334       0x80 ./fatfs/src/ff.o
 .text.validate
                0x000023b4       0x34 ./fatfs/src/ff.o
 .text.chk_mounted
                0x000023e8      0x374 ./fatfs/src/ff.o
 .text.sync     0x0000275c       0xc0 ./fatfs/src/ff.o
 .text.clust2sect
                0x0000281c       0x18 ./fatfs/src/ff.o
                0x0000281c                clust2sect
 .text.get_fat  0x00002834       0xe8 ./fatfs/src/ff.o
                0x00002834                get_fat
 .text.dir_sdi  0x0000291c       0x94 ./fatfs/src/ff.o
 .text.put_fat  0x000029b0      0x108 ./fatfs/src/ff.o
                0x000029b0                put_fat
 .text.create_chain
                0x00002ab8       0xbc ./fatfs/src/ff.o
 .text.dir_next
                0x00002b74      0x12c ./fatfs/src/ff.o
 .text.dir_find
                0x00002ca0       0x50 ./fatfs/src/ff.o
 .text.follow_path
                0x00002cf0       0x80 ./fatfs/src/ff.o
 .text.dir_register
                0x00002d70       0x64 ./fatfs/src/ff.o
 .text.dir_read
                0x00002dd4       0x4c ./fatfs/src/ff.o
 .text.remove_chain
                0x00002e20       0x70 ./fatfs/src/ff.o
 .text.f_mount  0x00002e90       0x28 ./fatfs/src/ff.o
                0x00002e90                f_mount
 .text.f_open   0x00002eb8      0x154 ./fatfs/src/ff.o
                0x00002eb8                f_open
 .text.f_read   0x0000300c      0x1a0 ./fatfs/src/ff.o
                0x0000300c                f_read
 .text.f_write  0x000031ac      0x1d8 ./fatfs/src/ff.o
                0x000031ac                f_write
 .text.f_sync   0x00003384       0xa4 ./fatfs/src/ff.o
                0x00003384                f_sync
 .text.f_close  0x00003428       0x14 ./fatfs/src/ff.o
                0x00003428                f_close
 .text.f_opendir
                0x0000343c       0x70 ./fatfs/src/ff.o
                0x0000343c                f_opendir
 .text.f_readdir
                0x000034ac       0x5c ./fatfs/src/ff.o
                0x000034ac                f_readdir
 .text.disk_initialize
                0x00003508       0x64 ./fatfs/src/fs_usb.o
                0x00003508                disk_initialize
 .text.disk_ioctl
                0x0000356c       0x6c ./fatfs/src/fs_usb.o
                0x0000356c                disk_ioctl
 .text.disk_read
                0x000035d8       0x38 ./fatfs/src/fs_usb.o
                0x000035d8                disk_read
 .text.disk_status
                0x00003610       0x14 ./fatfs/src/fs_usb.o
                0x00003610                disk_status
 .text.disk_write
                0x00003624       0x38 ./fatfs/src/fs_usb.o
                0x00003624                disk_write
 .text.rtc_initialize
                0x0000365c       0x4c ./fatfs/src/rtc.o
                0x0000365c                rtc_initialize
 .text.rtc_gettime
                0x000036a8       0x34 ./fatfs/src/rtc.o
                0x000036a8                rtc_gettime
 .text.get_fattime
                0x000036dc       0x44 ./fatfs/src/rtc.o
                0x000036dc                get_fattime
 .text.SetupHardware
                0x00003720       0x24 ./example/src/MassStorageHost.o
 .text.USB_ReadWriteFile
                0x00003744      0x164 ./example/src/MassStorageHost.o
 .text.main     0x000038a8       0x20 ./example/src/MassStorageHost.o
                0x000038a8                main
 .text.EVENT_USB_Host_DeviceAttached
                0x000038c8       0x10 ./example/src/MassStorageHost.o
                0x000038c8                EVENT_USB_Host_DeviceAttached
 .text.EVENT_USB_Host_DeviceUnattached
                0x000038d8       0x10 ./example/src/MassStorageHost.o
                0x000038d8                EVENT_USB_Host_DeviceUnattached
 .text.EVENT_USB_Host_DeviceEnumerationComplete
                0x000038e8      0x104 ./example/src/MassStorageHost.o
                0x000038e8                EVENT_USB_Host_DeviceEnumerationComplete
 .text.EVENT_USB_Host_DeviceEnumerationFailed
                0x000039ec       0x28 ./example/src/MassStorageHost.o
                0x000039ec                EVENT_USB_Host_DeviceEnumerationFailed
 .text.FSUSB_DiskInit
                0x00003a14        0x8 ./example/src/MassStorageHost.o
                0x00003a14                FSUSB_DiskInit
 .text.FSUSB_DiskInsertWait
                0x00003a1c       0x24 ./example/src/MassStorageHost.o
                0x00003a1c                FSUSB_DiskInsertWait
 .text.FSUSB_DiskAcquire
                0x00003a40       0x78 ./example/src/MassStorageHost.o
                0x00003a40                FSUSB_DiskAcquire
 .text.FSUSB_DiskGetSectorCnt
                0x00003ab8        0xc ./example/src/MassStorageHost.o
                0x00003ab8                FSUSB_DiskGetSectorCnt
 .text.FSUSB_DiskGetSectorSz
                0x00003ac4        0xc ./example/src/MassStorageHost.o
                0x00003ac4                FSUSB_DiskGetSectorSz
 .text.FSUSB_DiskReadSectors
                0x00003ad0       0x3c ./example/src/MassStorageHost.o
                0x00003ad0                FSUSB_DiskReadSectors
 .text.FSUSB_DiskWriteSectors
                0x00003b0c       0x30 ./example/src/MassStorageHost.o
                0x00003b0c                FSUSB_DiskWriteSectors
 .text.FSUSB_DiskReadyWait
                0x00003b3c       0x1c ./example/src/MassStorageHost.o
                0x00003b3c                FSUSB_DiskReadyWait
 .text.SystemInit
                0x00003b58       0x18 ./example/src/sysinit.o
                0x00003b58                SystemInit
 .text.Board_LED_Init
                0x00003b70       0x10 C:\projects\lpc_board_nxp_lpcxpresso_1769\Debug\liblpc_board_nxp_lpcxpresso_1769.a(board.o)
 .text.Board_Debug_Init
                0x00003b80       0x24 C:\projects\lpc_board_nxp_lpcxpresso_1769\Debug\liblpc_board_nxp_lpcxpresso_1769.a(board.o)
                0x00003b80                Board_Debug_Init
 .text.Board_UARTPutChar
                0x00003ba4       0x14 C:\projects\lpc_board_nxp_lpcxpresso_1769\Debug\liblpc_board_nxp_lpcxpresso_1769.a(board.o)
                0x00003ba4                Board_UARTPutChar
 .text.__sys_write
                0x00003bb8       0x1c C:\projects\lpc_board_nxp_lpcxpresso_1769\Debug\liblpc_board_nxp_lpcxpresso_1769.a(board.o)
                0x00003bb8                __sys_write
 .text.Board_Init
                0x00003bd4       0x18 C:\projects\lpc_board_nxp_lpcxpresso_1769\Debug\liblpc_board_nxp_lpcxpresso_1769.a(board.o)
                0x00003bd4                Board_Init
 .text.Board_SetupMuxing
                0x00003bec       0x18 C:\projects\lpc_board_nxp_lpcxpresso_1769\Debug\liblpc_board_nxp_lpcxpresso_1769.a(board_sysinit.o)
                0x00003bec                Board_SetupMuxing
 .text.Board_SetupClocking
                0x00003c04       0x1c C:\projects\lpc_board_nxp_lpcxpresso_1769\Debug\liblpc_board_nxp_lpcxpresso_1769.a(board_sysinit.o)
                0x00003c04                Board_SetupClocking
 .text.Board_SystemInit
                0x00003c20        0xc C:\projects\lpc_board_nxp_lpcxpresso_1769\Debug\liblpc_board_nxp_lpcxpresso_1769.a(board_sysinit.o)
                0x00003c20                Board_SystemInit
 .text.SystemCoreClockUpdate
                0x00003c2c       0x10 C:\projects\lpc_chip_175x_6x\Debug\liblpc_chip_175x_6x.a(chip_17xx_40xx.o)
                0x00003c2c                SystemCoreClockUpdate
 .text.Chip_USB_Init
                0x00003c3c       0x40 C:\projects\lpc_chip_175x_6x\Debug\liblpc_chip_175x_6x.a(chip_17xx_40xx.o)
                0x00003c3c                Chip_USB_Init
 .text.Chip_Clock_EnablePLL
                0x00003c7c       0x28 C:\projects\lpc_chip_175x_6x\Debug\liblpc_chip_175x_6x.a(clock_17xx_40xx.o)
                0x00003c7c                Chip_Clock_EnablePLL
 .text.Chip_Clock_DisablePLL
                0x00003ca4       0x2c C:\projects\lpc_chip_175x_6x\Debug\liblpc_chip_175x_6x.a(clock_17xx_40xx.o)
                0x00003ca4                Chip_Clock_DisablePLL
 .text.Chip_Clock_SetupPLL
                0x00003cd0       0x38 C:\projects\lpc_chip_175x_6x\Debug\liblpc_chip_175x_6x.a(clock_17xx_40xx.o)
                0x00003cd0                Chip_Clock_SetupPLL
 .text.Chip_Clock_EnablePeriphClock
                0x00003d08       0x18 C:\projects\lpc_chip_175x_6x\Debug\liblpc_chip_175x_6x.a(clock_17xx_40xx.o)
                0x00003d08                Chip_Clock_EnablePeriphClock
 .text.Chip_Clock_GetCPUClockSource
                0x00003d20       0x18 C:\projects\lpc_chip_175x_6x\Debug\liblpc_chip_175x_6x.a(clock_17xx_40xx.o)
                0x00003d20                Chip_Clock_GetCPUClockSource
 .text.Chip_Clock_SetCPUClockDiv
                0x00003d38        0xc C:\projects\lpc_chip_175x_6x\Debug\liblpc_chip_175x_6x.a(clock_17xx_40xx.o)
                0x00003d38                Chip_Clock_SetCPUClockDiv
 .text.Chip_Clock_GetCPUClockDiv
                0x00003d44       0x10 C:\projects\lpc_chip_175x_6x\Debug\liblpc_chip_175x_6x.a(clock_17xx_40xx.o)
                0x00003d44                Chip_Clock_GetCPUClockDiv
 .text.Chip_Clock_GetPCLKDiv
                0x00003d54       0x3c C:\projects\lpc_chip_175x_6x\Debug\liblpc_chip_175x_6x.a(clock_17xx_40xx.o)
                0x00003d54                Chip_Clock_GetPCLKDiv
 .text.Chip_Clock_GetSYSCLKRate
                0x00003d90       0x3c C:\projects\lpc_chip_175x_6x\Debug\liblpc_chip_175x_6x.a(clock_17xx_40xx.o)
                0x00003d90                Chip_Clock_GetSYSCLKRate
 .text.Chip_Clock_GetMainPLLOutClockRate
                0x00003dcc       0x3c C:\projects\lpc_chip_175x_6x\Debug\liblpc_chip_175x_6x.a(clock_17xx_40xx.o)
                0x00003dcc                Chip_Clock_GetMainPLLOutClockRate
 .text.Chip_Clock_GetMainClockRate
                0x00003e08       0x1c C:\projects\lpc_chip_175x_6x\Debug\liblpc_chip_175x_6x.a(clock_17xx_40xx.o)
                0x00003e08                Chip_Clock_GetMainClockRate
 .text.Chip_Clock_GetSystemClockRate
                0x00003e24       0x14 C:\projects\lpc_chip_175x_6x\Debug\liblpc_chip_175x_6x.a(clock_17xx_40xx.o)
                0x00003e24                Chip_Clock_GetSystemClockRate
 .text.Chip_Clock_GetPeripheralClockRate
                0x00003e38       0x18 C:\projects\lpc_chip_175x_6x\Debug\liblpc_chip_175x_6x.a(clock_17xx_40xx.o)
                0x00003e38                Chip_Clock_GetPeripheralClockRate
 .text.Chip_IOCON_PinMux
                0x00003e50       0x3c C:\projects\lpc_chip_175x_6x\Debug\liblpc_chip_175x_6x.a(iocon_17xx_40xx.o)
                0x00003e50                Chip_IOCON_PinMux
 .text.Chip_IOCON_PinMuxSet
                0x00003e8c       0x14 C:\projects\lpc_chip_175x_6x\Debug\liblpc_chip_175x_6x.a(iocon_17xx_40xx.o)
                0x00003e8c                Chip_IOCON_PinMuxSet
 .text.Chip_IOCON_SetPinMuxing
                0x00003ea0       0x30 C:\projects\lpc_chip_175x_6x\Debug\liblpc_chip_175x_6x.a(iocon_17xx_40xx.o)
                0x00003ea0                Chip_IOCON_SetPinMuxing
 .text.Chip_RTC_ResetClockTickCounter
                0x00003ed0       0x24 C:\projects\lpc_chip_175x_6x\Debug\liblpc_chip_175x_6x.a(rtc_17xx_40xx.o)
                0x00003ed0                Chip_RTC_ResetClockTickCounter
 .text.Chip_RTC_Enable
                0x00003ef4       0x20 C:\projects\lpc_chip_175x_6x\Debug\liblpc_chip_175x_6x.a(rtc_17xx_40xx.o)
                0x00003ef4                Chip_RTC_Enable
 .text.Chip_RTC_GetFullTime
                0x00003f14       0x30 C:\projects\lpc_chip_175x_6x\Debug\liblpc_chip_175x_6x.a(rtc_17xx_40xx.o)
                0x00003f14                Chip_RTC_GetFullTime
 .text.Chip_RTC_SetFullAlarmTime
                0x00003f44       0x20 C:\projects\lpc_chip_175x_6x\Debug\liblpc_chip_175x_6x.a(rtc_17xx_40xx.o)
                0x00003f44                Chip_RTC_SetFullAlarmTime
 .text.Chip_RTC_CalibCounterCmd
                0x00003f64       0x20 C:\projects\lpc_chip_175x_6x\Debug\liblpc_chip_175x_6x.a(rtc_17xx_40xx.o)
                0x00003f64                Chip_RTC_CalibCounterCmd
 .text.Chip_RTC_Init
                0x00003f84       0x34 C:\projects\lpc_chip_175x_6x\Debug\liblpc_chip_175x_6x.a(rtc_17xx_40xx.o)
                0x00003f84                Chip_RTC_Init
 .text.Chip_SetupXtalClocking
                0x00003fb8       0x90 C:\projects\lpc_chip_175x_6x\Debug\liblpc_chip_175x_6x.a(sysinit_17xx_40xx.o)
                0x00003fb8                Chip_SetupXtalClocking
 .text.Chip_UART_GetClockIndex
                0x00004048       0x28 C:\projects\lpc_chip_175x_6x\Debug\liblpc_chip_175x_6x.a(uart_17xx_40xx.o)
 .text.Chip_UART_GetClkIndex
                0x00004070       0x28 C:\projects\lpc_chip_175x_6x\Debug\liblpc_chip_175x_6x.a(uart_17xx_40xx.o)
 .text.Chip_UART_TXEnable
                0x00004098        0x8 C:\projects\lpc_chip_175x_6x\Debug\liblpc_chip_175x_6x.a(uart_17xx_40xx.o)
                0x00004098                Chip_UART_TXEnable
 .text.Chip_UART_TXDisable
                0x000040a0        0x8 C:\projects\lpc_chip_175x_6x\Debug\liblpc_chip_175x_6x.a(uart_17xx_40xx.o)
                0x000040a0                Chip_UART_TXDisable
 .text.Chip_UART_Init
                0x000040a8       0x40 C:\projects\lpc_chip_175x_6x\Debug\liblpc_chip_175x_6x.a(uart_17xx_40xx.o)
                0x000040a8                Chip_UART_Init
 .text.Chip_UART_SetBaud
                0x000040e8       0x34 C:\projects\lpc_chip_175x_6x\Debug\liblpc_chip_175x_6x.a(uart_17xx_40xx.o)
                0x000040e8                Chip_UART_SetBaud
 .text.__main   0x0000411c       0x14 c:/nxp/lpcxpresso_7.2.0_153/lpcxpresso/tools/bin/../lib/gcc/arm-none-eabi/4.8.3/../../../../arm-none-eabi/lib/armv7-m\libcr_nohost.a(_cr__main.o)
                0x0000411c                __main
 .text.memset   0x00004130        0x4 c:/nxp/lpcxpresso_7.2.0_153/lpcxpresso/tools/bin/../lib/gcc/arm-none-eabi/4.8.3/../../../../arm-none-eabi/lib/armv7-m\libcr_c.a(memset.o)
                0x00004130                memset
 .text.fp_round
                0x00004134       0x4e c:/nxp/lpcxpresso_7.2.0_153/lpcxpresso/tools/bin/../lib/gcc/arm-none-eabi/4.8.3/../../../../arm-none-eabi/lib/armv7-m\libcr_c.a(fpprintf.o)
 .text.pr_dec.constprop.1
                0x00004182       0x26 c:/nxp/lpcxpresso_7.2.0_153/lpcxpresso/tools/bin/../lib/gcc/arm-none-eabi/4.8.3/../../../../arm-none-eabi/lib/armv7-m\libcr_c.a(fpprintf.o)
 .text.sprintf  0x000041a8       0x6c c:/nxp/lpcxpresso_7.2.0_153/lpcxpresso/tools/bin/../lib/gcc/arm-none-eabi/4.8.3/../../../../arm-none-eabi/lib/armv7-m\libcr_c.a(fpprintf.o)
                0x000041a8                sprintf
 *fill*         0x00004214        0x4 
 .text.fp_display
                0x00004218      0x998 c:/nxp/lpcxpresso_7.2.0_153/lpcxpresso/tools/bin/../lib/gcc/arm-none-eabi/4.8.3/../../../../arm-none-eabi/lib/armv7-m\libcr_c.a(fpprintf.o)
 .text.vsnprintf
                0x00004bb0       0x5c c:/nxp/lpcxpresso_7.2.0_153/lpcxpresso/tools/bin/../lib/gcc/arm-none-eabi/4.8.3/../../../../arm-none-eabi/lib/armv7-m\libcr_c.a(fpprintf.o)
                0x00004bb0                vsnprintf
 .text.printf   0x00004c0c       0x54 c:/nxp/lpcxpresso_7.2.0_153/lpcxpresso/tools/bin/../lib/gcc/arm-none-eabi/4.8.3/../../../../arm-none-eabi/lib/armv7-m\libcr_c.a(fpprintf.o)
                0x00004c0c                printf
 .text._initio  0x00004c60       0xa4 c:/nxp/lpcxpresso_7.2.0_153/lpcxpresso/tools/bin/../lib/gcc/arm-none-eabi/4.8.3/../../../../arm-none-eabi/lib/armv7-m\libcr_c.a(initio.o)
                0x00004c60                _initio
 .text.__vfprintf
                0x00004d04      0xca0 c:/nxp/lpcxpresso_7.2.0_153/lpcxpresso/tools/bin/../lib/gcc/arm-none-eabi/4.8.3/../../../../arm-none-eabi/lib/armv7-m\libcr_c.a(printf.o)
                0x00004d04                __vfprintf
 .text.setvbuf  0x000059a4       0x40 c:/nxp/lpcxpresso_7.2.0_153/lpcxpresso/tools/bin/../lib/gcc/arm-none-eabi/4.8.3/../../../../arm-none-eabi/lib/armv7-m\libcr_c.a(setvbuf.o)
                0x000059a4                setvbuf
 .text.strlen   0x000059e4       0x4a c:/nxp/lpcxpresso_7.2.0_153/lpcxpresso/tools/bin/../lib/gcc/arm-none-eabi/4.8.3/../../../../arm-none-eabi/lib/armv7-m\libcr_c.a(strlen.o)
                0x000059e4                strlen
 .text._deferredlazyseek
                0x00005a2e       0x44 c:/nxp/lpcxpresso_7.2.0_153/lpcxpresso/tools/bin/../lib/gcc/arm-none-eabi/4.8.3/../../../../arm-none-eabi/lib/armv7-m\libcr_c.a(_deferredlazyseek.o)
                0x00005a2e                _deferredlazyseek
 .text.__flsbuf
                0x00005a72      0x142 c:/nxp/lpcxpresso_7.2.0_153/lpcxpresso/tools/bin/../lib/gcc/arm-none-eabi/4.8.3/../../../../arm-none-eabi/lib/armv7-m\libcr_c.a(_deferredlazyseek.o)
                0x00005a72                __flsbuf
 .text._fdopen  0x00005bb4       0x6a c:/nxp/lpcxpresso_7.2.0_153/lpcxpresso/tools/bin/../lib/gcc/arm-none-eabi/4.8.3/../../../../arm-none-eabi/lib/armv7-m\libcr_c.a(_fdopen.o)
                0x00005bb4                _fdopen
 .text._fflush  0x00005c1e       0x58 c:/nxp/lpcxpresso_7.2.0_153/lpcxpresso/tools/bin/../lib/gcc/arm-none-eabi/4.8.3/../../../../arm-none-eabi/lib/armv7-m\libcr_c.a(_fflush.o)
                0x00005c1e                _fflush
 .text._frexpl  0x00005c76       0x5c c:/nxp/lpcxpresso_7.2.0_153/lpcxpresso/tools/bin/../lib/gcc/arm-none-eabi/4.8.3/../../../../arm-none-eabi/lib/armv7-m\libcr_c.a(_frexpl.o)
                0x00005c76                _frexpl
 *fill*         0x00005cd2        0x2 
 .text._ldexpl  0x00005cd4       0x4c c:/nxp/lpcxpresso_7.2.0_153/lpcxpresso/tools/bin/../lib/gcc/arm-none-eabi/4.8.3/../../../../arm-none-eabi/lib/armv7-m\libcr_c.a(_ldexpl.o)
                0x00005cd4                _ldexpl
 .text._Cwritebuf
                0x00005d20       0x70 c:/nxp/lpcxpresso_7.2.0_153/lpcxpresso/tools/bin/../lib/gcc/arm-none-eabi/4.8.3/../../../../arm-none-eabi/lib/armv7-m\libcr_c.a(_writebuf.o)
                0x00005d20                _Cwritebuf
 .text.malloc   0x00005d90       0xc4 c:/nxp/lpcxpresso_7.2.0_153/lpcxpresso/tools/bin/../lib/gcc/arm-none-eabi/4.8.3/../../../../arm-none-eabi/lib/armv7-m\libcr_c.a(alloc.o)
                0x00005d90                malloc
 .text.free     0x00005e54        0xc c:/nxp/lpcxpresso_7.2.0_153/lpcxpresso/tools/bin/../lib/gcc/arm-none-eabi/4.8.3/../../../../arm-none-eabi/lib/armv7-m\libcr_c.a(alloc.o)
                0x00005e54                free
 .text._Csys_alloc
                0x00005e60       0x20 c:/nxp/lpcxpresso_7.2.0_153/lpcxpresso/tools/bin/../lib/gcc/arm-none-eabi/4.8.3/../../../../arm-none-eabi/lib/armv7-m\libcr_c.a(alloc.o)
                0x00005e60                _Csys_alloc
 .text.fclose   0x00005e80       0x6c c:/nxp/lpcxpresso_7.2.0_153/lpcxpresso/tools/bin/../lib/gcc/arm-none-eabi/4.8.3/../../../../arm-none-eabi/lib/armv7-m\libcr_c.a(fclose.o)
                0x00005e80                fclose
 .text.fflush   0x00005eec       0x30 c:/nxp/lpcxpresso_7.2.0_153/lpcxpresso/tools/bin/../lib/gcc/arm-none-eabi/4.8.3/../../../../arm-none-eabi/lib/armv7-m\libcr_c.a(fflush.o)
                0x00005eec                fflush
 .text.fseek    0x00005f1c      0x10c c:/nxp/lpcxpresso_7.2.0_153/lpcxpresso/tools/bin/../lib/gcc/arm-none-eabi/4.8.3/../../../../arm-none-eabi/lib/armv7-m\libcr_c.a(fseek.o)
                0x00005f1c                fseek
 .text.ftell    0x00006028       0x4c c:/nxp/lpcxpresso_7.2.0_153/lpcxpresso/tools/bin/../lib/gcc/arm-none-eabi/4.8.3/../../../../arm-none-eabi/lib/armv7-m\libcr_c.a(ftell.o)
                0x00006028                ftell
 .text.remove   0x00006074       0x14 c:/nxp/lpcxpresso_7.2.0_153/lpcxpresso/tools/bin/../lib/gcc/arm-none-eabi/4.8.3/../../../../arm-none-eabi/lib/armv7-m\libcr_c.a(remove.o)
                0x00006074                remove
 .text._sbrk    0x00006088       0x40 c:/nxp/lpcxpresso_7.2.0_153/lpcxpresso/tools/bin/../lib/gcc/arm-none-eabi/4.8.3/../../../../arm-none-eabi/lib/armv7-m\libcr_c.a(_cr_sbrk.o)
                0x00006088                _sbrk
 .text._do_fflush
                0x000060c8       0x44 c:/nxp/lpcxpresso_7.2.0_153/lpcxpresso/tools/bin/../lib/gcc/arm-none-eabi/4.8.3/../../../../arm-none-eabi/lib/armv7-m\libcr_c.a(_do_fflush.o)
                0x000060c8                _do_fflush
 .text.__check_heap_overflow
                0x0000610c       0x2c c:/nxp/lpcxpresso_7.2.0_153/lpcxpresso/tools/bin/../lib/gcc/arm-none-eabi/4.8.3/../../../../arm-none-eabi/lib/armv7-m\libcr_c.a(_cr_check_heap.o)
                0x0000610c                __check_heap_overflow
 .text.__aeabi_dmul
                0x00006138      0x12c c:/nxp/lpcxpresso_7.2.0_153/lpcxpresso/tools/bin/../lib/gcc/arm-none-eabi/4.8.3/armv7-m\libcr_eabihelpers.a(double.o)
                0x00006138                __aeabi_dmul
 .text.__aeabi_ddiv
                0x00006264      0x16c c:/nxp/lpcxpresso_7.2.0_153/lpcxpresso/tools/bin/../lib/gcc/arm-none-eabi/4.8.3/armv7-m\libcr_eabihelpers.a(double.o)
                0x00006264                __aeabi_ddiv
 .text.__aeabi_dsub
                0x000063d0      0x228 c:/nxp/lpcxpresso_7.2.0_153/lpcxpresso/tools/bin/../lib/gcc/arm-none-eabi/4.8.3/armv7-m\libcr_eabihelpers.a(double.o)
                0x000063d0                __aeabi_dsub
 .text.__aeabi_dadd
                0x000065f8      0x178 c:/nxp/lpcxpresso_7.2.0_153/lpcxpresso/tools/bin/../lib/gcc/arm-none-eabi/4.8.3/armv7-m\libcr_eabihelpers.a(double.o)
                0x000065f8                __aeabi_dadd
 .text.__aeabi_d2iz
                0x00006770       0x4c c:/nxp/lpcxpresso_7.2.0_153/lpcxpresso/tools/bin/../lib/gcc/arm-none-eabi/4.8.3/armv7-m\libcr_eabihelpers.a(double.o)
                0x00006770                __aeabi_d2iz
 .text.__bhs_ui2d
                0x000067bc       0x48 c:/nxp/lpcxpresso_7.2.0_153/lpcxpresso/tools/bin/../lib/gcc/arm-none-eabi/4.8.3/armv7-m\libcr_eabihelpers.a(double.o)
                0x000067bc                __bhs_ui2d
 .text.__aeabi_i2d
                0x00006804       0x10 c:/nxp/lpcxpresso_7.2.0_153/lpcxpresso/tools/bin/../lib/gcc/arm-none-eabi/4.8.3/armv7-m\libcr_eabihelpers.a(double.o)
                0x00006804                __aeabi_i2d
 .text.__aeabi_dcmpeq
                0x00006814       0x40 c:/nxp/lpcxpresso_7.2.0_153/lpcxpresso/tools/bin/../lib/gcc/arm-none-eabi/4.8.3/armv7-m\libcr_eabihelpers.a(double.o)
                0x00006814                __aeabi_dcmpeq
 .text.__aeabi_dcmplt
                0x00006854       0x70 c:/nxp/lpcxpresso_7.2.0_153/lpcxpresso/tools/bin/../lib/gcc/arm-none-eabi/4.8.3/armv7-m\libcr_eabihelpers.a(double.o)
                0x00006854                __aeabi_dcmplt
 .text.__aeabi_dcmple
                0x000068c4       0x68 c:/nxp/lpcxpresso_7.2.0_153/lpcxpresso/tools/bin/../lib/gcc/arm-none-eabi/4.8.3/armv7-m\libcr_eabihelpers.a(double.o)
                0x000068c4                __aeabi_dcmple
 .text.__aeabi_dcmpge
                0x0000692c       0x64 c:/nxp/lpcxpresso_7.2.0_153/lpcxpresso/tools/bin/../lib/gcc/arm-none-eabi/4.8.3/armv7-m\libcr_eabihelpers.a(double.o)
                0x0000692c                __aeabi_dcmpge
 .text.__aeabi_memset_lowlevel
                0x00006990       0x2c c:/nxp/lpcxpresso_7.2.0_153/lpcxpresso/tools/bin/../lib/gcc/arm-none-eabi/4.8.3/armv7-m\libcr_eabihelpers.a(memcpy.o)
                0x00006990                __aeabi_lowlevel_memset
 .text.__sys_appexit
                0x000069bc        0x2 c:/nxp/lpcxpresso_7.2.0_153/lpcxpresso/tools/bin/../lib/gcc/arm-none-eabi/4.8.3/../../../../arm-none-eabi/lib/armv7-m\libcr_nohost.a(__sys_appexit.o)
                0x000069bc                __sys_appexit
                0x000069bc                __exit
 .text.__sys_close
                0x000069be        0x6 c:/nxp/lpcxpresso_7.2.0_153/lpcxpresso/tools/bin/../lib/gcc/arm-none-eabi/4.8.3/../../../../arm-none-eabi/lib/armv7-m\libcr_nohost.a(__sys_close.o)
                0x000069be                __sys_close
 .text.__sys_flen
                0x000069c4        0x6 c:/nxp/lpcxpresso_7.2.0_153/lpcxpresso/tools/bin/../lib/gcc/arm-none-eabi/4.8.3/../../../../arm-none-eabi/lib/armv7-m\libcr_nohost.a(__sys_flen.o)
                0x000069c4                __sys_flen
 .text.__sys_istty
                0x000069ca        0x6 c:/nxp/lpcxpresso_7.2.0_153/lpcxpresso/tools/bin/../lib/gcc/arm-none-eabi/4.8.3/../../../../arm-none-eabi/lib/armv7-m\libcr_nohost.a(__sys_istty.o)
                0x000069ca                __sys_istty
 .text.__sys_remove
                0x000069d0        0x6 c:/nxp/lpcxpresso_7.2.0_153/lpcxpresso/tools/bin/../lib/gcc/arm-none-eabi/4.8.3/../../../../arm-none-eabi/lib/armv7-m\libcr_nohost.a(__sys_remove.o)
                0x000069d0                __sys_remove
 .text.__sys_seek
                0x000069d6        0x6 c:/nxp/lpcxpresso_7.2.0_153/lpcxpresso/tools/bin/../lib/gcc/arm-none-eabi/4.8.3/../../../../arm-none-eabi/lib/armv7-m\libcr_nohost.a(__sys_seek.o)
                0x000069d6                __sys_seek
 .text.__sys_tmpnam
                0x000069dc        0x6 c:/nxp/lpcxpresso_7.2.0_153/lpcxpresso/tools/bin/../lib/gcc/arm-none-eabi/4.8.3/../../../../arm-none-eabi/lib/armv7-m\libcr_nohost.a(__sys_tmpnam.o)
                0x000069dc                __sys_tmpnam
 *(.rodata .rodata.* .constdata .constdata.*)
 *fill*         0x000069e2        0x2 
 .rodata        0x000069e4       0x10 ./lpcusblib/Drivers/USB/Core/Host.o
 .rodata.str1.4
                0x000069f4        0xf ./fatfs/src/ff.o
                                 0x10 (size before relaxing)
 *fill*         0x00006a03        0x1 
 .rodata.str1.4
                0x00006a04       0x1d ./fatfs/src/fs_usb.o
                                 0x20 (size before relaxing)
 *fill*         0x00006a21        0x3 
 .rodata.str1.4
                0x00006a24      0x4d0 ./example/src/MassStorageHost.o
                                0x4d4 (size before relaxing)
 .rodata.RTCOscRateIn
                0x00006ef4        0x4 C:\projects\lpc_board_nxp_lpcxpresso_1769\Debug\liblpc_board_nxp_lpcxpresso_1769.a(board.o)
                0x00006ef4                RTCOscRateIn
 .rodata.OscRateIn
                0x00006ef8        0x4 C:\projects\lpc_board_nxp_lpcxpresso_1769\Debug\liblpc_board_nxp_lpcxpresso_1769.a(board.o)
                0x00006ef8                OscRateIn
 .rodata.pinmuxing
                0x00006efc       0x5c C:\projects\lpc_board_nxp_lpcxpresso_1769\Debug\liblpc_board_nxp_lpcxpresso_1769.a(board_sysinit.o)
 .rodata.str1.1
                0x00006f58       0x34 c:/nxp/lpcxpresso_7.2.0_153/lpcxpresso/tools/bin/../lib/gcc/arm-none-eabi/4.8.3/../../../../arm-none-eabi/lib/armv7-m\libcr_c.a(fpprintf.o)
                                 0x35 (size before relaxing)
 .rodata.str1.1
                0x00006f8c        0x4 c:/nxp/lpcxpresso_7.2.0_153/lpcxpresso/tools/bin/../lib/gcc/arm-none-eabi/4.8.3/../../../../arm-none-eabi/lib/armv7-m\libcr_c.a(initio.o)
 .rodata.str1.1
                0x00006f90       0x31 c:/nxp/lpcxpresso_7.2.0_153/lpcxpresso/tools/bin/../lib/gcc/arm-none-eabi/4.8.3/../../../../arm-none-eabi/lib/armv7-m\libcr_c.a(printf.o)
                                 0x38 (size before relaxing)
 .rodata.str1.1
                0x00006fc1       0x18 c:/nxp/lpcxpresso_7.2.0_153/lpcxpresso/tools/bin/../lib/gcc/arm-none-eabi/4.8.3/../../../../arm-none-eabi/lib/armv7-m\libcr_c.a(alloc.o)
 *fill*         0x00006fd9        0x7 
 .rodata.__huge_vall
                0x00006fe0        0x8 c:/nxp/lpcxpresso_7.2.0_153/lpcxpresso/tools/bin/../lib/gcc/arm-none-eabi/4.8.3/../../../../arm-none-eabi/lib/armv7-m\libcr_c.a(_hugeval.o)
                0x00006fe0                __huge_vall
                0x00006fe8                . = ALIGN (0x4)

.glue_7         0x00006fe8        0x0
 .glue_7        0x00000000        0x0 linker stubs

.glue_7t        0x00006fe8        0x0
 .glue_7t       0x00000000        0x0 linker stubs

.vfp11_veneer   0x00006fe8        0x0
 .vfp11_veneer  0x00000000        0x0 linker stubs

.v4_bx          0x00006fe8        0x0
 .v4_bx         0x00000000        0x0 linker stubs

.iplt           0x00006fe8        0x0
 .iplt          0x00000000        0x0 ./lpcusblib/Drivers/USB/Core/HCD/OHCI/OHCI.o

.rel.dyn        0x00006fe8        0x0
 .rel.iplt      0x00000000        0x0 ./lpcusblib/Drivers/USB/Core/HCD/OHCI/OHCI.o

.ARM.extab
 *(.ARM.extab* .gnu.linkonce.armextab.*)
                0x00006fe8                __exidx_start = .

.ARM.exidx
 *(.ARM.exidx* .gnu.linkonce.armexidx.*)
                0x00006fe8                __exidx_end = .
                0x00006fe8                _etext = .

.data_RAM2      0x10000000        0x0 load address 0x00006fe8
 FILL mask 0xff
 *(.ramfunc.$RAM2)
 *(.ramfunc.$RamLoc32)
 *(.data.$RAM2*)
 *(.data.$RamLoc32*)
                0x10000000                . = ALIGN (0x4)

.uninit_RESERVED
                0x2007c000        0x0
 *(.bss.$RESERVED*)
                0x2007c000                . = ALIGN (0x4)
                0x2007c000                _end_uninit_RESERVED = .

.data           0x2007c000       0x18 load address 0x00006fe8
 FILL mask 0xff
                0x2007c000                _data = .
 *(vtable)
 *(.ramfunc*)
 *(.data*)
 .data.Stat     0x2007c000        0x1 ./fatfs/src/fs_usb.o
 *fill*         0x2007c001        0x3 
 .data.FlashDisk_MS_Interface
                0x2007c004       0x14 ./example/src/MassStorageHost.o
                0x2007c018                . = ALIGN (0x4)
                0x2007c018                _edata = .

.igot.plt       0x2007c018        0x0 load address 0x00007000
 .igot.plt      0x00000000        0x0 ./lpcusblib/Drivers/USB/Core/HCD/OHCI/OHCI.o

.bss_RAM2       0x10000000     0x1508
 *(.bss.$RAM2*)
 .bss.$RAM2     0x10000000      0x500 ./lpcusblib/Drivers/USB/Core/HCD/OHCI/OHCI.o
                0x10000000                ohci_data
 .bss.$RAM2     0x10000500     0x1000 ./lpcusblib/Drivers/USB/Core/USBMemory.o
 .bss.$RAM2     0x10001500        0x8 ./lpcusblib/Drivers/USB/Core/USBTask.o
                0x10001500                USB_ControlRequest
 *(.bss.$RamLoc32*)
                0x10001508                . = ALIGN (0x4)

.bss            0x2007c018     0x2660
                0x2007c018                _bss = .
 *(.bss*)
 .bss.PostWaitState.8402
                0x2007c018        0x1 ./lpcusblib/Drivers/USB/Core/Host.o
 *fill*         0x2007c019        0x1 
 .bss.WaitMSRemaining.8401
                0x2007c01a        0x2 ./lpcusblib/Drivers/USB/Core/Host.o
 .bss.Mem_IsInitialized
                0x2007c01c        0x1 ./lpcusblib/Drivers/USB/Core/USBController.o
                0x2007c01c                Mem_IsInitialized
 *fill*         0x2007c01d        0x1 
 .bss.Fsid      0x2007c01e        0x2 ./fatfs/src/ff.o
 .bss.FatFs     0x2007c020        0x4 ./fatfs/src/ff.o
 .bss.hDisk     0x2007c024        0x4 ./fatfs/src/fs_usb.o
 .bss.init.7295
                0x2007c028        0x4 ./fatfs/src/rtc.o
 .bss.fatFS     0x2007c02c      0x230 ./example/src/MassStorageHost.o
 .bss.buffer    0x2007c25c     0x2000 ./example/src/MassStorageHost.o
 .bss.DiskCapacity
                0x2007e25c        0x8 ./example/src/MassStorageHost.o
 .bss.fileObj   0x2007e264      0x224 ./example/src/MassStorageHost.o
 .bss.errno     0x2007e488        0x4 c:/nxp/lpcxpresso_7.2.0_153/lpcxpresso/tools/bin/../lib/gcc/arm-none-eabi/4.8.3/../../../../arm-none-eabi/lib/armv7-m\libcr_c.a(errno.o)
                0x2007e488                errno
 *(COMMON)
 COMMON         0x2007e48c        0x1 ./lpcusblib/Drivers/USB/Core/Host.o
                0x2007e48c                USB_Host_ControlPipeSize
 COMMON         0x2007e48d        0x1 ./lpcusblib/Drivers/USB/Core/HostStandardReq.o
                0x2007e48d                USB_Host_ConfigurationNumber
 *fill*         0x2007e48e        0x2 
 COMMON         0x2007e490       0x89 ./lpcusblib/Drivers/USB/Core/Pipe.o
                0x2007e490                hostportspeed
                0x2007e494                PipeInfo
                0x2007e514                hostselected
                0x2007e518                pipeselected
 *fill*         0x2007e519        0x3 
 COMMON         0x2007e51c        0x1 ./lpcusblib/Drivers/USB/Core/USBController.o
                0x2007e51c                USB_CurrentMode
 *fill*         0x2007e51d        0x3 
 COMMON         0x2007e520        0x5 ./lpcusblib/Drivers/USB/Core/USBTask.o
                0x2007e520                USB_IsInitialized
                0x2007e524                USB_HostState
 *fill*         0x2007e525        0x3 
 COMMON         0x2007e528        0x4 C:\projects\lpc_chip_175x_6x\Debug\liblpc_chip_175x_6x.a(chip_17xx_40xx.o)
                0x2007e528                SystemCoreClock
 COMMON         0x2007e52c        0x4 c:/nxp/lpcxpresso_7.2.0_153/lpcxpresso/tools/bin/../lib/gcc/arm-none-eabi/4.8.3/../../../../arm-none-eabi/lib/armv7-m\libcr_c.a(initio.o)
                0x2007e52c                _extra
 COMMON         0x2007e530      0x140 c:/nxp/lpcxpresso_7.2.0_153/lpcxpresso/tools/bin/../lib/gcc/arm-none-eabi/4.8.3/../../../../arm-none-eabi/lib/armv7-m\libcr_c.a(stdio.o)
                0x2007e530                __Ciob
 COMMON         0x2007e670        0x8 c:/nxp/lpcxpresso_7.2.0_153/lpcxpresso/tools/bin/../lib/gcc/arm-none-eabi/4.8.3/../../../../arm-none-eabi/lib/armv7-m\libcr_c.a(__init_alloc.o)
                0x2007e670                __heaps
                0x2007e674                __end_of_heap
                0x2007e678                . = ALIGN (0x4)
                0x2007e678                _ebss = .
                0x2007e678                PROVIDE (end, .)

.noinit_RAM2    0x10001508        0x0
 *(.noinit.$RAM2*)
 *(.noinit.$RamLoc32*)
                0x10001508                . = ALIGN (0x4)

.noinit         0x2007e678        0x0
                0x2007e678                _noinit = .
 *(.noinit*)
                0x2007e678                . = ALIGN (0x4)
                0x2007e678                _end_noinit = .
                0x2007e678                PROVIDE (_pvHeapStart, .)
                0x20084000                PROVIDE (_vStackTop, (__top_RamAHB32 - 0x0))
OUTPUT(lpcusblib_MassStorageHost.axf elf32-littlearm)

.debug_info     0x00000000    0x12f98
 .debug_info    0x00000000     0x241d ./lpcusblib/Drivers/USB/Core/HCD/OHCI/OHCI.o
 .debug_info    0x0000241d      0x46e ./lpcusblib/Drivers/USB/Core/HCD/HCD.o
 .debug_info    0x0000288b      0xa41 ./lpcusblib/Drivers/USB/Core/HAL/LPC17XX/HAL_LPC17xx.o
 .debug_info    0x000032cc      0x7a6 ./lpcusblib/Drivers/USB/Core/ConfigDescriptor.o
 .debug_info    0x00003a72      0xbbf ./lpcusblib/Drivers/USB/Core/Host.o
 .debug_info    0x00004631      0x91a ./lpcusblib/Drivers/USB/Core/HostStandardReq.o
 .debug_info    0x00004f4b      0x85e ./lpcusblib/Drivers/USB/Core/Pipe.o
 .debug_info    0x000057a9      0xa66 ./lpcusblib/Drivers/USB/Core/PipeStream.o
 .debug_info    0x0000620f      0x59f ./lpcusblib/Drivers/USB/Core/USBController.o
 .debug_info    0x000067ae      0x38e ./lpcusblib/Drivers/USB/Core/USBMemory.o
 .debug_info    0x00006b3c      0x3e5 ./lpcusblib/Drivers/USB/Core/USBTask.o
 .debug_info    0x00006f21     0x1a66 ./lpcusblib/Drivers/USB/Class/Host/MassStorageClassHost.o
 .debug_info    0x00008987     0x2526 ./fatfs/src/ff.o
 .debug_info    0x0000aead      0x669 ./fatfs/src/fs_usb.o
 .debug_info    0x0000b516      0x495 ./fatfs/src/rtc.o
 .debug_info    0x0000b9ab     0x18bb ./example/src/MassStorageHost.o
 .debug_info    0x0000d266      0x287 ./example/src/cr_startup_lpc175x_6x.o
 .debug_info    0x0000d4ed      0x122 ./example/src/sysinit.o
 .debug_info    0x0000d60f     0x1d6c C:\projects\lpc_board_nxp_lpcxpresso_1769\Debug\liblpc_board_nxp_lpcxpresso_1769.a(board.o)
 .debug_info    0x0000f37b      0x5f5 C:\projects\lpc_board_nxp_lpcxpresso_1769\Debug\liblpc_board_nxp_lpcxpresso_1769.a(board_sysinit.o)
 .debug_info    0x0000f970      0x5e7 C:\projects\lpc_chip_175x_6x\Debug\liblpc_chip_175x_6x.a(chip_17xx_40xx.o)
 .debug_info    0x0000ff57      0xc8a C:\projects\lpc_chip_175x_6x\Debug\liblpc_chip_175x_6x.a(clock_17xx_40xx.o)
 .debug_info    0x00010be1      0x318 C:\projects\lpc_chip_175x_6x\Debug\liblpc_chip_175x_6x.a(iocon_17xx_40xx.o)
 .debug_info    0x00010ef9      0x629 C:\projects\lpc_chip_175x_6x\Debug\liblpc_chip_175x_6x.a(rtc_17xx_40xx.o)
 .debug_info    0x00011522      0x66f C:\projects\lpc_chip_175x_6x\Debug\liblpc_chip_175x_6x.a(sysinit_17xx_40xx.o)
 .debug_info    0x00011b91     0x1407 C:\projects\lpc_chip_175x_6x\Debug\liblpc_chip_175x_6x.a(uart_17xx_40xx.o)

.debug_abbrev   0x00000000     0x39d1
 .debug_abbrev  0x00000000      0x45a ./lpcusblib/Drivers/USB/Core/HCD/OHCI/OHCI.o
 .debug_abbrev  0x0000045a      0x15b ./lpcusblib/Drivers/USB/Core/HCD/HCD.o
 .debug_abbrev  0x000005b5      0x252 ./lpcusblib/Drivers/USB/Core/HAL/LPC17XX/HAL_LPC17xx.o
 .debug_abbrev  0x00000807      0x22f ./lpcusblib/Drivers/USB/Core/ConfigDescriptor.o
 .debug_abbrev  0x00000a36      0x2f0 ./lpcusblib/Drivers/USB/Core/Host.o
 .debug_abbrev  0x00000d26      0x251 ./lpcusblib/Drivers/USB/Core/HostStandardReq.o
 .debug_abbrev  0x00000f77      0x243 ./lpcusblib/Drivers/USB/Core/Pipe.o
 .debug_abbrev  0x000011ba      0x266 ./lpcusblib/Drivers/USB/Core/PipeStream.o
 .debug_abbrev  0x00001420      0x196 ./lpcusblib/Drivers/USB/Core/USBController.o
 .debug_abbrev  0x000015b6      0x156 ./lpcusblib/Drivers/USB/Core/USBMemory.o
 .debug_abbrev  0x0000170c      0x1a4 ./lpcusblib/Drivers/USB/Core/USBTask.o
 .debug_abbrev  0x000018b0      0x341 ./lpcusblib/Drivers/USB/Class/Host/MassStorageClassHost.o
 .debug_abbrev  0x00001bf1      0x1f5 ./fatfs/src/ff.o
 .debug_abbrev  0x00001de6      0x19d ./fatfs/src/fs_usb.o
 .debug_abbrev  0x00001f83      0x1ae ./fatfs/src/rtc.o
 .debug_abbrev  0x00002131      0x34e ./example/src/MassStorageHost.o
 .debug_abbrev  0x0000247f      0x111 ./example/src/cr_startup_lpc175x_6x.o
 .debug_abbrev  0x00002590       0xbf ./example/src/sysinit.o
 .debug_abbrev  0x0000264f      0x420 C:\projects\lpc_board_nxp_lpcxpresso_1769\Debug\liblpc_board_nxp_lpcxpresso_1769.a(board.o)
 .debug_abbrev  0x00002a6f      0x1d3 C:\projects\lpc_board_nxp_lpcxpresso_1769\Debug\liblpc_board_nxp_lpcxpresso_1769.a(board_sysinit.o)
 .debug_abbrev  0x00002c42      0x1bc C:\projects\lpc_chip_175x_6x\Debug\liblpc_chip_175x_6x.a(chip_17xx_40xx.o)
 .debug_abbrev  0x00002dfe      0x311 C:\projects\lpc_chip_175x_6x\Debug\liblpc_chip_175x_6x.a(clock_17xx_40xx.o)
 .debug_abbrev  0x0000310f      0x132 C:\projects\lpc_chip_175x_6x\Debug\liblpc_chip_175x_6x.a(iocon_17xx_40xx.o)
 .debug_abbrev  0x00003241      0x1a3 C:\projects\lpc_chip_175x_6x\Debug\liblpc_chip_175x_6x.a(rtc_17xx_40xx.o)
 .debug_abbrev  0x000033e4      0x1f2 C:\projects\lpc_chip_175x_6x\Debug\liblpc_chip_175x_6x.a(sysinit_17xx_40xx.o)
 .debug_abbrev  0x000035d6      0x3fb C:\projects\lpc_chip_175x_6x\Debug\liblpc_chip_175x_6x.a(uart_17xx_40xx.o)

.debug_loc      0x00000000     0x9580
 .debug_loc     0x00000000     0x13d8 ./lpcusblib/Drivers/USB/Core/HCD/OHCI/OHCI.o
 .debug_loc     0x000013d8      0x360 ./lpcusblib/Drivers/USB/Core/HCD/HCD.o
 .debug_loc     0x00001738       0x63 ./lpcusblib/Drivers/USB/Core/HAL/LPC17XX/HAL_LPC17xx.o
 .debug_loc     0x0000179b      0x347 ./lpcusblib/Drivers/USB/Core/ConfigDescriptor.o
 .debug_loc     0x00001ae2      0x270 ./lpcusblib/Drivers/USB/Core/Host.o
 .debug_loc     0x00001d52      0x3d9 ./lpcusblib/Drivers/USB/Core/HostStandardReq.o
 .debug_loc     0x0000212b      0x230 ./lpcusblib/Drivers/USB/Core/Pipe.o
 .debug_loc     0x0000235b      0x715 ./lpcusblib/Drivers/USB/Core/PipeStream.o
 .debug_loc     0x00002a70       0xe7 ./lpcusblib/Drivers/USB/Core/USBController.o
 .debug_loc     0x00002b57      0x251 ./lpcusblib/Drivers/USB/Core/USBMemory.o
 .debug_loc     0x00002da8       0xc5 ./lpcusblib/Drivers/USB/Core/USBTask.o
 .debug_loc     0x00002e6d     0x14d2 ./lpcusblib/Drivers/USB/Class/Host/MassStorageClassHost.o
 .debug_loc     0x0000433f     0x2e69 ./fatfs/src/ff.o
 .debug_loc     0x000071a8      0x428 ./fatfs/src/fs_usb.o
 .debug_loc     0x000075d0       0x4d ./fatfs/src/rtc.o
 .debug_loc     0x0000761d      0x3ab ./example/src/MassStorageHost.o
 .debug_loc     0x000079c8      0x1d1 ./example/src/cr_startup_lpc175x_6x.o
 .debug_loc     0x00007b99      0x579 C:\projects\lpc_board_nxp_lpcxpresso_1769\Debug\liblpc_board_nxp_lpcxpresso_1769.a(board.o)
 .debug_loc     0x00008112       0x13 C:\projects\lpc_board_nxp_lpcxpresso_1769\Debug\liblpc_board_nxp_lpcxpresso_1769.a(board_sysinit.o)
 .debug_loc     0x00008125      0x538 C:\projects\lpc_chip_175x_6x\Debug\liblpc_chip_175x_6x.a(clock_17xx_40xx.o)
 .debug_loc     0x0000865d      0x1e4 C:\projects\lpc_chip_175x_6x\Debug\liblpc_chip_175x_6x.a(iocon_17xx_40xx.o)
 .debug_loc     0x00008841      0x1bc C:\projects\lpc_chip_175x_6x\Debug\liblpc_chip_175x_6x.a(rtc_17xx_40xx.o)
 .debug_loc     0x000089fd      0xb83 C:\projects\lpc_chip_175x_6x\Debug\liblpc_chip_175x_6x.a(uart_17xx_40xx.o)

.debug_aranges  0x00000000      0xae0
 .debug_aranges
                0x00000000       0xe0 ./lpcusblib/Drivers/USB/Core/HCD/OHCI/OHCI.o
 .debug_aranges
                0x000000e0       0x30 ./lpcusblib/Drivers/USB/Core/HCD/HCD.o
 .debug_aranges
                0x00000110       0x48 ./lpcusblib/Drivers/USB/Core/HAL/LPC17XX/HAL_LPC17xx.o
 .debug_aranges
                0x00000158       0x40 ./lpcusblib/Drivers/USB/Core/ConfigDescriptor.o
 .debug_aranges
                0x00000198       0x60 ./lpcusblib/Drivers/USB/Core/Host.o
 .debug_aranges
                0x000001f8       0x50 ./lpcusblib/Drivers/USB/Core/HostStandardReq.o
 .debug_aranges
                0x00000248       0x48 ./lpcusblib/Drivers/USB/Core/Pipe.o
 .debug_aranges
                0x00000290       0x80 ./lpcusblib/Drivers/USB/Core/PipeStream.o
 .debug_aranges
                0x00000310       0x38 ./lpcusblib/Drivers/USB/Core/USBController.o
 .debug_aranges
                0x00000348       0x30 ./lpcusblib/Drivers/USB/Core/USBMemory.o
 .debug_aranges
                0x00000378       0x28 ./lpcusblib/Drivers/USB/Core/USBTask.o
 .debug_aranges
                0x000003a0       0x98 ./lpcusblib/Drivers/USB/Class/Host/MassStorageClassHost.o
 .debug_aranges
                0x00000438      0x168 ./fatfs/src/ff.o
 .debug_aranges
                0x000005a0       0x40 ./fatfs/src/fs_usb.o
 .debug_aranges
                0x000005e0       0x38 ./fatfs/src/rtc.o
 .debug_aranges
                0x00000618       0x98 ./example/src/MassStorageHost.o
 .debug_aranges
                0x000006b0       0x80 ./example/src/cr_startup_lpc175x_6x.o
 .debug_aranges
                0x00000730       0x20 ./example/src/sysinit.o
 .debug_aranges
                0x00000750       0xe0 C:\projects\lpc_board_nxp_lpcxpresso_1769\Debug\liblpc_board_nxp_lpcxpresso_1769.a(board.o)
 .debug_aranges
                0x00000830       0x30 C:\projects\lpc_board_nxp_lpcxpresso_1769\Debug\liblpc_board_nxp_lpcxpresso_1769.a(board_sysinit.o)
 .debug_aranges
                0x00000860       0x28 C:\projects\lpc_chip_175x_6x\Debug\liblpc_chip_175x_6x.a(chip_17xx_40xx.o)
 .debug_aranges
                0x00000888       0xc8 C:\projects\lpc_chip_175x_6x\Debug\liblpc_chip_175x_6x.a(clock_17xx_40xx.o)
 .debug_aranges
                0x00000950       0x30 C:\projects\lpc_chip_175x_6x\Debug\liblpc_chip_175x_6x.a(iocon_17xx_40xx.o)
 .debug_aranges
                0x00000980       0x70 C:\projects\lpc_chip_175x_6x\Debug\liblpc_chip_175x_6x.a(rtc_17xx_40xx.o)
 .debug_aranges
                0x000009f0       0x30 C:\projects\lpc_chip_175x_6x\Debug\liblpc_chip_175x_6x.a(sysinit_17xx_40xx.o)
 .debug_aranges
                0x00000a20       0xc0 C:\projects\lpc_chip_175x_6x\Debug\liblpc_chip_175x_6x.a(uart_17xx_40xx.o)

.debug_ranges   0x00000000      0xba8
 .debug_ranges  0x00000000      0x130 ./lpcusblib/Drivers/USB/Core/HCD/OHCI/OHCI.o
 .debug_ranges  0x00000130       0x78 ./lpcusblib/Drivers/USB/Core/HCD/HCD.o
 .debug_ranges  0x000001a8       0x38 ./lpcusblib/Drivers/USB/Core/HAL/LPC17XX/HAL_LPC17xx.o
 .debug_ranges  0x000001e0       0x30 ./lpcusblib/Drivers/USB/Core/ConfigDescriptor.o
 .debug_ranges  0x00000210       0x80 ./lpcusblib/Drivers/USB/Core/Host.o
 .debug_ranges  0x00000290       0x58 ./lpcusblib/Drivers/USB/Core/HostStandardReq.o
 .debug_ranges  0x000002e8       0x68 ./lpcusblib/Drivers/USB/Core/Pipe.o
 .debug_ranges  0x00000350       0xe8 ./lpcusblib/Drivers/USB/Core/PipeStream.o
 .debug_ranges  0x00000438       0x28 ./lpcusblib/Drivers/USB/Core/USBController.o
 .debug_ranges  0x00000460       0x20 ./lpcusblib/Drivers/USB/Core/USBMemory.o
 .debug_ranges  0x00000480       0x18 ./lpcusblib/Drivers/USB/Core/USBTask.o
 .debug_ranges  0x00000498      0x118 ./lpcusblib/Drivers/USB/Class/Host/MassStorageClassHost.o
 .debug_ranges  0x000005b0      0x170 ./fatfs/src/ff.o
 .debug_ranges  0x00000720       0x30 ./fatfs/src/fs_usb.o
 .debug_ranges  0x00000750       0x28 ./fatfs/src/rtc.o
 .debug_ranges  0x00000778       0x88 ./example/src/MassStorageHost.o
 .debug_ranges  0x00000800       0x70 ./example/src/cr_startup_lpc175x_6x.o
 .debug_ranges  0x00000870       0x10 ./example/src/sysinit.o
 .debug_ranges  0x00000880       0xe8 C:\projects\lpc_board_nxp_lpcxpresso_1769\Debug\liblpc_board_nxp_lpcxpresso_1769.a(board.o)
 .debug_ranges  0x00000968       0x20 C:\projects\lpc_board_nxp_lpcxpresso_1769\Debug\liblpc_board_nxp_lpcxpresso_1769.a(board_sysinit.o)
 .debug_ranges  0x00000988       0x18 C:\projects\lpc_chip_175x_6x\Debug\liblpc_chip_175x_6x.a(chip_17xx_40xx.o)
 .debug_ranges  0x000009a0       0xb8 C:\projects\lpc_chip_175x_6x\Debug\liblpc_chip_175x_6x.a(clock_17xx_40xx.o)
 .debug_ranges  0x00000a58       0x20 C:\projects\lpc_chip_175x_6x\Debug\liblpc_chip_175x_6x.a(iocon_17xx_40xx.o)
 .debug_ranges  0x00000a78       0x60 C:\projects\lpc_chip_175x_6x\Debug\liblpc_chip_175x_6x.a(rtc_17xx_40xx.o)
 .debug_ranges  0x00000ad8       0x20 C:\projects\lpc_chip_175x_6x\Debug\liblpc_chip_175x_6x.a(sysinit_17xx_40xx.o)
 .debug_ranges  0x00000af8       0xb0 C:\projects\lpc_chip_175x_6x\Debug\liblpc_chip_175x_6x.a(uart_17xx_40xx.o)

.debug_macro    0x00000000     0xa9fd
 .debug_macro   0x00000000      0x394 ./lpcusblib/Drivers/USB/Core/HCD/OHCI/OHCI.o
 .debug_macro   0x00000394      0x874 ./lpcusblib/Drivers/USB/Core/HCD/OHCI/OHCI.o
 .debug_macro   0x00000c08       0x28 ./lpcusblib/Drivers/USB/Core/HCD/OHCI/OHCI.o
 .debug_macro   0x00000c30       0x2e ./lpcusblib/Drivers/USB/Core/HCD/OHCI/OHCI.o
 .debug_macro   0x00000c5e       0x10 ./lpcusblib/Drivers/USB/Core/HCD/OHCI/OHCI.o
 .debug_macro   0x00000c6e       0x10 ./lpcusblib/Drivers/USB/Core/HCD/OHCI/OHCI.o
 .debug_macro   0x00000c7e      0x122 ./lpcusblib/Drivers/USB/Core/HCD/OHCI/OHCI.o
 .debug_macro   0x00000da0      0x5b9 ./lpcusblib/Drivers/USB/Core/HCD/OHCI/OHCI.o
 .debug_macro   0x00001359       0x22 ./lpcusblib/Drivers/USB/Core/HCD/OHCI/OHCI.o
 .debug_macro   0x0000137b       0x10 ./lpcusblib/Drivers/USB/Core/HCD/OHCI/OHCI.o
 .debug_macro   0x0000138b       0x1c ./lpcusblib/Drivers/USB/Core/HCD/OHCI/OHCI.o
 .debug_macro   0x000013a7       0xc7 ./lpcusblib/Drivers/USB/Core/HCD/OHCI/OHCI.o
 .debug_macro   0x0000146e       0x22 ./lpcusblib/Drivers/USB/Core/HCD/OHCI/OHCI.o
 .debug_macro   0x00001490       0x86 ./lpcusblib/Drivers/USB/Core/HCD/OHCI/OHCI.o
 .debug_macro   0x00001516       0x2b ./lpcusblib/Drivers/USB/Core/HCD/OHCI/OHCI.o
 .debug_macro   0x00001541       0x3a ./lpcusblib/Drivers/USB/Core/HCD/OHCI/OHCI.o
 .debug_macro   0x0000157b       0x8d ./lpcusblib/Drivers/USB/Core/HCD/OHCI/OHCI.o
 .debug_macro   0x00001608       0x22 ./lpcusblib/Drivers/USB/Core/HCD/OHCI/OHCI.o
 .debug_macro   0x0000162a       0x5d ./lpcusblib/Drivers/USB/Core/HCD/OHCI/OHCI.o
 .debug_macro   0x00001687       0x82 ./lpcusblib/Drivers/USB/Core/HCD/OHCI/OHCI.o
 .debug_macro   0x00001709       0x6c ./lpcusblib/Drivers/USB/Core/HCD/OHCI/OHCI.o
 .debug_macro   0x00001775       0x10 ./lpcusblib/Drivers/USB/Core/HCD/OHCI/OHCI.o
 .debug_macro   0x00001785       0x2d ./lpcusblib/Drivers/USB/Core/HCD/OHCI/OHCI.o
 .debug_macro   0x000017b2       0x3a ./lpcusblib/Drivers/USB/Core/HCD/OHCI/OHCI.o
 .debug_macro   0x000017ec       0x2d ./lpcusblib/Drivers/USB/Core/HCD/OHCI/OHCI.o
 .debug_macro   0x00001819      0xbb1 ./lpcusblib/Drivers/USB/Core/HCD/OHCI/OHCI.o
 .debug_macro   0x000023ca      0x22c ./lpcusblib/Drivers/USB/Core/HCD/OHCI/OHCI.o
 .debug_macro   0x000025f6       0x42 ./lpcusblib/Drivers/USB/Core/HCD/OHCI/OHCI.o
 .debug_macro   0x00002638       0x52 ./lpcusblib/Drivers/USB/Core/HCD/OHCI/OHCI.o
 .debug_macro   0x0000268a       0x78 ./lpcusblib/Drivers/USB/Core/HCD/OHCI/OHCI.o
 .debug_macro   0x00002702       0x82 ./lpcusblib/Drivers/USB/Core/HCD/OHCI/OHCI.o
 .debug_macro   0x00002784      0x48c ./lpcusblib/Drivers/USB/Core/HCD/OHCI/OHCI.o
 .debug_macro   0x00002c10       0x34 ./lpcusblib/Drivers/USB/Core/HCD/OHCI/OHCI.o
 .debug_macro   0x00002c44      0x4c5 ./lpcusblib/Drivers/USB/Core/HCD/OHCI/OHCI.o
 .debug_macro   0x00003109      0x1b7 ./lpcusblib/Drivers/USB/Core/HCD/OHCI/OHCI.o
 .debug_macro   0x000032c0       0x10 ./lpcusblib/Drivers/USB/Core/HCD/OHCI/OHCI.o
 .debug_macro   0x000032d0      0x21b ./lpcusblib/Drivers/USB/Core/HCD/OHCI/OHCI.o
 .debug_macro   0x000034eb      0x1b9 ./lpcusblib/Drivers/USB/Core/HCD/OHCI/OHCI.o
 .debug_macro   0x000036a4       0x40 ./lpcusblib/Drivers/USB/Core/HCD/OHCI/OHCI.o
 .debug_macro   0x000036e4       0x22 ./lpcusblib/Drivers/USB/Core/HCD/OHCI/OHCI.o
 .debug_macro   0x00003706      0x162 ./lpcusblib/Drivers/USB/Core/HCD/OHCI/OHCI.o
 .debug_macro   0x00003868       0x94 ./lpcusblib/Drivers/USB/Core/HCD/OHCI/OHCI.o
 .debug_macro   0x000038fc       0xb8 ./lpcusblib/Drivers/USB/Core/HCD/OHCI/OHCI.o
 .debug_macro   0x000039b4       0x4c ./lpcusblib/Drivers/USB/Core/HCD/OHCI/OHCI.o
 .debug_macro   0x00003a00       0x16 ./lpcusblib/Drivers/USB/Core/HCD/OHCI/OHCI.o
 .debug_macro   0x00003a16      0x328 ./lpcusblib/Drivers/USB/Core/HCD/OHCI/OHCI.o
 .debug_macro   0x00003d3e       0x49 ./lpcusblib/Drivers/USB/Core/HCD/OHCI/OHCI.o
 .debug_macro   0x00003d87       0x16 ./lpcusblib/Drivers/USB/Core/HCD/OHCI/OHCI.o
 .debug_macro   0x00003d9d       0xca ./lpcusblib/Drivers/USB/Core/HCD/OHCI/OHCI.o
 .debug_macro   0x00003e67       0x11 ./lpcusblib/Drivers/USB/Core/HCD/OHCI/OHCI.o
 .debug_macro   0x00003e78       0x70 ./lpcusblib/Drivers/USB/Core/HCD/OHCI/OHCI.o
 .debug_macro   0x00003ee8       0x9a ./lpcusblib/Drivers/USB/Core/HCD/OHCI/OHCI.o
 .debug_macro   0x00003f82       0x20 ./lpcusblib/Drivers/USB/Core/HCD/OHCI/OHCI.o
 .debug_macro   0x00003fa2       0x28 ./lpcusblib/Drivers/USB/Core/HCD/OHCI/OHCI.o
 .debug_macro   0x00003fca       0x10 ./lpcusblib/Drivers/USB/Core/HCD/OHCI/OHCI.o
 .debug_macro   0x00003fda       0x56 ./lpcusblib/Drivers/USB/Core/HCD/OHCI/OHCI.o
 .debug_macro   0x00004030       0x72 ./lpcusblib/Drivers/USB/Core/HCD/OHCI/OHCI.o
 .debug_macro   0x000040a2       0x19 ./lpcusblib/Drivers/USB/Core/HCD/OHCI/OHCI.o
 .debug_macro   0x000040bb       0x27 ./lpcusblib/Drivers/USB/Core/HCD/OHCI/OHCI.o
 .debug_macro   0x000040e2      0x222 ./lpcusblib/Drivers/USB/Core/HCD/OHCI/OHCI.o
 .debug_macro   0x00004304      0x36f ./lpcusblib/Drivers/USB/Core/HCD/HCD.o
 .debug_macro   0x00004673      0x369 ./lpcusblib/Drivers/USB/Core/HAL/LPC17XX/HAL_LPC17xx.o
 .debug_macro   0x000049dc       0x7b ./lpcusblib/Drivers/USB/Core/HAL/LPC17XX/HAL_LPC17xx.o
 .debug_macro   0x00004a57       0x18 ./lpcusblib/Drivers/USB/Core/HAL/LPC17XX/HAL_LPC17xx.o
 .debug_macro   0x00004a6f       0x1e ./lpcusblib/Drivers/USB/Core/HAL/LPC17XX/HAL_LPC17xx.o
 .debug_macro   0x00004a8d      0x36c ./lpcusblib/Drivers/USB/Core/ConfigDescriptor.o
 .debug_macro   0x00004df9       0x63 ./lpcusblib/Drivers/USB/Core/ConfigDescriptor.o
 .debug_macro   0x00004e5c       0x1c ./lpcusblib/Drivers/USB/Core/ConfigDescriptor.o
 .debug_macro   0x00004e78      0x377 ./lpcusblib/Drivers/USB/Core/Host.o
 .debug_macro   0x000051ef       0x87 ./lpcusblib/Drivers/USB/Core/Host.o
 .debug_macro   0x00005276       0x12 ./lpcusblib/Drivers/USB/Core/Host.o
 .debug_macro   0x00005288      0x363 ./lpcusblib/Drivers/USB/Core/HostStandardReq.o
 .debug_macro   0x000055eb      0x367 ./lpcusblib/Drivers/USB/Core/Pipe.o
 .debug_macro   0x00005952       0x1c ./lpcusblib/Drivers/USB/Core/Pipe.o
 .debug_macro   0x0000596e      0x36f ./lpcusblib/Drivers/USB/Core/PipeStream.o
 .debug_macro   0x00005cdd      0x364 ./lpcusblib/Drivers/USB/Core/USBController.o
 .debug_macro   0x00006041       0x34 ./lpcusblib/Drivers/USB/Core/USBController.o
 .debug_macro   0x00006075       0x10 ./lpcusblib/Drivers/USB/Core/USBController.o
 .debug_macro   0x00006085      0x393 ./lpcusblib/Drivers/USB/Core/USBMemory.o
 .debug_macro   0x00006418      0x371 ./lpcusblib/Drivers/USB/Core/USBTask.o
 .debug_macro   0x00006789      0x511 ./lpcusblib/Drivers/USB/Class/Host/MassStorageClassHost.o
 .debug_macro   0x00006c9a       0x12 ./lpcusblib/Drivers/USB/Class/Host/MassStorageClassHost.o
 .debug_macro   0x00006cac       0x22 ./lpcusblib/Drivers/USB/Class/Host/MassStorageClassHost.o
 .debug_macro   0x00006cce       0x16 ./lpcusblib/Drivers/USB/Class/Host/MassStorageClassHost.o
 .debug_macro   0x00006ce4      0x12a ./lpcusblib/Drivers/USB/Class/Host/MassStorageClassHost.o
 .debug_macro   0x00006e0e       0x16 ./lpcusblib/Drivers/USB/Class/Host/MassStorageClassHost.o
 .debug_macro   0x00006e24       0x46 ./lpcusblib/Drivers/USB/Class/Host/MassStorageClassHost.o
 .debug_macro   0x00006e6a       0x16 ./lpcusblib/Drivers/USB/Class/Host/MassStorageClassHost.o
 .debug_macro   0x00006e80      0x154 ./lpcusblib/Drivers/USB/Class/Host/MassStorageClassHost.o
 .debug_macro   0x00006fd4       0x29 ./lpcusblib/Drivers/USB/Class/Host/MassStorageClassHost.o
 .debug_macro   0x00006ffd      0x640 ./lpcusblib/Drivers/USB/Class/Host/MassStorageClassHost.o
 .debug_macro   0x0000763d       0x16 ./lpcusblib/Drivers/USB/Class/Host/MassStorageClassHost.o
 .debug_macro   0x00007653       0x16 ./lpcusblib/Drivers/USB/Class/Host/MassStorageClassHost.o
 .debug_macro   0x00007669       0x10 ./lpcusblib/Drivers/USB/Class/Host/MassStorageClassHost.o
 .debug_macro   0x00007679       0x1c ./lpcusblib/Drivers/USB/Class/Host/MassStorageClassHost.o
 .debug_macro   0x00007695       0x16 ./lpcusblib/Drivers/USB/Class/Host/MassStorageClassHost.o
 .debug_macro   0x000076ab       0x1c ./lpcusblib/Drivers/USB/Class/Host/MassStorageClassHost.o
 .debug_macro   0x000076c7       0x16 ./lpcusblib/Drivers/USB/Class/Host/MassStorageClassHost.o
 .debug_macro   0x000076dd       0x10 ./lpcusblib/Drivers/USB/Class/Host/MassStorageClassHost.o
 .debug_macro   0x000076ed      0x1bd ./lpcusblib/Drivers/USB/Class/Host/MassStorageClassHost.o
 .debug_macro   0x000078aa       0x16 ./lpcusblib/Drivers/USB/Class/Host/MassStorageClassHost.o
 .debug_macro   0x000078c0       0x1c ./lpcusblib/Drivers/USB/Class/Host/MassStorageClassHost.o
 .debug_macro   0x000078dc       0x11 ./lpcusblib/Drivers/USB/Class/Host/MassStorageClassHost.o
 .debug_macro   0x000078ed      0x123 ./lpcusblib/Drivers/USB/Class/Host/MassStorageClassHost.o
 .debug_macro   0x00007a10       0x11 ./lpcusblib/Drivers/USB/Class/Host/MassStorageClassHost.o
 .debug_macro   0x00007a21      0x29c ./fatfs/src/ff.o
 .debug_macro   0x00007cbd       0x91 ./fatfs/src/ff.o
 .debug_macro   0x00007d4e       0xee ./fatfs/src/ff.o
 .debug_macro   0x00007e3c       0xac ./fatfs/src/ff.o
 .debug_macro   0x00007ee8      0x534 ./fatfs/src/fs_usb.o
 .debug_macro   0x0000841c       0x16 ./fatfs/src/fs_usb.o
 .debug_macro   0x00008432       0x9a ./fatfs/src/fs_usb.o
 .debug_macro   0x000084cc       0x74 ./fatfs/src/fs_usb.o
 .debug_macro   0x00008540       0x10 ./fatfs/src/fs_usb.o
 .debug_macro   0x00008550      0x129 ./fatfs/src/fs_usb.o
 .debug_macro   0x00008679       0x7c ./fatfs/src/fs_usb.o
 .debug_macro   0x000086f5       0x27 ./fatfs/src/fs_usb.o
 .debug_macro   0x0000871c       0x10 ./fatfs/src/fs_usb.o
 .debug_macro   0x0000872c      0x225 ./fatfs/src/rtc.o
 .debug_macro   0x00008951       0x76 ./fatfs/src/rtc.o
 .debug_macro   0x000089c7      0x545 ./example/src/MassStorageHost.o
 .debug_macro   0x00008f0c       0xe7 ./example/src/MassStorageHost.o
 .debug_macro   0x00008ff3       0x1d ./example/src/cr_startup_lpc175x_6x.o
 .debug_macro   0x00009010      0x217 ./example/src/sysinit.o
 .debug_macro   0x00009227      0x289 C:\projects\lpc_board_nxp_lpcxpresso_1769\Debug\liblpc_board_nxp_lpcxpresso_1769.a(board.o)
 .debug_macro   0x000094b0      0x856 C:\projects\lpc_board_nxp_lpcxpresso_1769\Debug\liblpc_board_nxp_lpcxpresso_1769.a(board.o)
 .debug_macro   0x00009d06       0x12 C:\projects\lpc_board_nxp_lpcxpresso_1769\Debug\liblpc_board_nxp_lpcxpresso_1769.a(board.o)
 .debug_macro   0x00009d18      0x217 C:\projects\lpc_board_nxp_lpcxpresso_1769\Debug\liblpc_board_nxp_lpcxpresso_1769.a(board_sysinit.o)
 .debug_macro   0x00009f2f      0x1cd C:\projects\lpc_chip_175x_6x\Debug\liblpc_chip_175x_6x.a(chip_17xx_40xx.o)
 .debug_macro   0x0000a0fc      0x1cd C:\projects\lpc_chip_175x_6x\Debug\liblpc_chip_175x_6x.a(clock_17xx_40xx.o)
 .debug_macro   0x0000a2c9      0x1cd C:\projects\lpc_chip_175x_6x\Debug\liblpc_chip_175x_6x.a(iocon_17xx_40xx.o)
 .debug_macro   0x0000a496      0x1cd C:\projects\lpc_chip_175x_6x\Debug\liblpc_chip_175x_6x.a(rtc_17xx_40xx.o)
 .debug_macro   0x0000a663      0x1cd C:\projects\lpc_chip_175x_6x\Debug\liblpc_chip_175x_6x.a(sysinit_17xx_40xx.o)
 .debug_macro   0x0000a830      0x1cd C:\projects\lpc_chip_175x_6x\Debug\liblpc_chip_175x_6x.a(uart_17xx_40xx.o)

.debug_line     0x00000000     0xd537
 .debug_line    0x00000000      0xd49 ./lpcusblib/Drivers/USB/Core/HCD/OHCI/OHCI.o
 .debug_line    0x00000d49      0x8fd ./lpcusblib/Drivers/USB/Core/HCD/HCD.o
 .debug_line    0x00001646      0x96d ./lpcusblib/Drivers/USB/Core/HAL/LPC17XX/HAL_LPC17xx.o
 .debug_line    0x00001fb3      0x898 ./lpcusblib/Drivers/USB/Core/ConfigDescriptor.o
 .debug_line    0x0000284b      0x8f2 ./lpcusblib/Drivers/USB/Core/Host.o
 .debug_line    0x0000313d      0x8ae ./lpcusblib/Drivers/USB/Core/HostStandardReq.o
 .debug_line    0x000039eb      0x8ad ./lpcusblib/Drivers/USB/Core/Pipe.o
 .debug_line    0x00004298      0x9ad ./lpcusblib/Drivers/USB/Core/PipeStream.o
 .debug_line    0x00004c45      0x820 ./lpcusblib/Drivers/USB/Core/USBController.o
 .debug_line    0x00005465      0x8b5 ./lpcusblib/Drivers/USB/Core/USBMemory.o
 .debug_line    0x00005d1a      0x7ff ./lpcusblib/Drivers/USB/Core/USBTask.o
 .debug_line    0x00006519     0x1123 ./lpcusblib/Drivers/USB/Class/Host/MassStorageClassHost.o
 .debug_line    0x0000763c      0xa4a ./fatfs/src/ff.o
 .debug_line    0x00008086      0xfa1 ./fatfs/src/fs_usb.o
 .debug_line    0x00009027      0x4d0 ./fatfs/src/rtc.o
 .debug_line    0x000094f7     0x10bf ./example/src/MassStorageHost.o
 .debug_line    0x0000a5b6       0xb3 ./example/src/cr_startup_lpc175x_6x.o
 .debug_line    0x0000a669      0x443 ./example/src/sysinit.o
 .debug_line    0x0000aaac      0x72b C:\projects\lpc_board_nxp_lpcxpresso_1769\Debug\liblpc_board_nxp_lpcxpresso_1769.a(board.o)
 .debug_line    0x0000b1d7      0x466 C:\projects\lpc_board_nxp_lpcxpresso_1769\Debug\liblpc_board_nxp_lpcxpresso_1769.a(board_sysinit.o)
 .debug_line    0x0000b63d      0x421 C:\projects\lpc_chip_175x_6x\Debug\liblpc_chip_175x_6x.a(chip_17xx_40xx.o)
 .debug_line    0x0000ba5e      0x616 C:\projects\lpc_chip_175x_6x\Debug\liblpc_chip_175x_6x.a(clock_17xx_40xx.o)
 .debug_line    0x0000c074      0x418 C:\projects\lpc_chip_175x_6x\Debug\liblpc_chip_175x_6x.a(iocon_17xx_40xx.o)
 .debug_line    0x0000c48c      0x524 C:\projects\lpc_chip_175x_6x\Debug\liblpc_chip_175x_6x.a(rtc_17xx_40xx.o)
 .debug_line    0x0000c9b0      0x4a1 C:\projects\lpc_chip_175x_6x\Debug\liblpc_chip_175x_6x.a(sysinit_17xx_40xx.o)
 .debug_line    0x0000ce51      0x6e6 C:\projects\lpc_chip_175x_6x\Debug\liblpc_chip_175x_6x.a(uart_17xx_40xx.o)

.debug_str      0x00000000    0x1f2f2
 .debug_str     0x00000000    0x14213 ./lpcusblib/Drivers/USB/Core/HCD/OHCI/OHCI.o
                              0x14432 (size before relaxing)
 .debug_str     0x00014213       0x39 ./lpcusblib/Drivers/USB/Core/HCD/HCD.o
                              0x12a0f (size before relaxing)
 .debug_str     0x0001424c      0x5a2 ./lpcusblib/Drivers/USB/Core/HAL/LPC17XX/HAL_LPC17xx.o
                              0x12a66 (size before relaxing)
 .debug_str     0x000147ee      0x81a ./lpcusblib/Drivers/USB/Core/ConfigDescriptor.o
                              0x12d45 (size before relaxing)
 .debug_str     0x00015008      0x603 ./lpcusblib/Drivers/USB/Core/Host.o
                              0x13435 (size before relaxing)
 .debug_str     0x0001560b      0x1fb ./lpcusblib/Drivers/USB/Core/HostStandardReq.o
                              0x130d4 (size before relaxing)
 .debug_str     0x00015806      0x185 ./lpcusblib/Drivers/USB/Core/Pipe.o
                              0x12e85 (size before relaxing)
 .debug_str     0x0001598b      0x221 ./lpcusblib/Drivers/USB/Core/PipeStream.o
                              0x12ba1 (size before relaxing)
 .debug_str     0x00015bac       0x9d ./lpcusblib/Drivers/USB/Core/USBController.o
                              0x12d0e (size before relaxing)
 .debug_str     0x00015c49      0x1b1 ./lpcusblib/Drivers/USB/Core/USBMemory.o
                              0x12831 (size before relaxing)
 .debug_str     0x00015dfa       0x78 ./lpcusblib/Drivers/USB/Core/USBTask.o
                              0x12773 (size before relaxing)
 .debug_str     0x00015e72     0x608b ./lpcusblib/Drivers/USB/Class/Host/MassStorageClassHost.o
                              0x191d2 (size before relaxing)
 .debug_str     0x0001befd     0x1165 ./fatfs/src/ff.o
                               0x3659 (size before relaxing)
 .debug_str     0x0001d062      0x438 ./fatfs/src/fs_usb.o
                              0x187db (size before relaxing)
 .debug_str     0x0001d49a      0x110 ./fatfs/src/rtc.o
                              0x10b67 (size before relaxing)
 .debug_str     0x0001d5aa      0x102 ./example/src/MassStorageHost.o
                              0x19669 (size before relaxing)
 .debug_str     0x0001d6ac      0x1b5 ./example/src/cr_startup_lpc175x_6x.o
                               0x2617 (size before relaxing)
 .debug_str     0x0001d861       0x34 ./example/src/sysinit.o
                              0x1099e (size before relaxing)
 .debug_str     0x0001d895      0xb0f C:\projects\lpc_board_nxp_lpcxpresso_1769\Debug\liblpc_board_nxp_lpcxpresso_1769.a(board.o)
                              0x118a7 (size before relaxing)
 .debug_str     0x0001e3a4      0x153 C:\projects\lpc_board_nxp_lpcxpresso_1769\Debug\liblpc_board_nxp_lpcxpresso_1769.a(board_sysinit.o)
                              0x10d56 (size before relaxing)
 .debug_str     0x0001e4f7       0xb4 C:\projects\lpc_chip_175x_6x\Debug\liblpc_chip_175x_6x.a(chip_17xx_40xx.o)
                              0x10aa8 (size before relaxing)
 .debug_str     0x0001e5ab      0x7ab C:\projects\lpc_chip_175x_6x\Debug\liblpc_chip_175x_6x.a(clock_17xx_40xx.o)
                              0x1108c (size before relaxing)
 .debug_str     0x0001ed56       0x4a C:\projects\lpc_chip_175x_6x\Debug\liblpc_chip_175x_6x.a(iocon_17xx_40xx.o)
                              0x10509 (size before relaxing)
 .debug_str     0x0001eda0      0x108 C:\projects\lpc_chip_175x_6x\Debug\liblpc_chip_175x_6x.a(rtc_17xx_40xx.o)
                              0x1099c (size before relaxing)
 .debug_str     0x0001eea8       0xad C:\projects\lpc_chip_175x_6x\Debug\liblpc_chip_175x_6x.a(sysinit_17xx_40xx.o)
                              0x1075c (size before relaxing)
 .debug_str     0x0001ef55      0x39d C:\projects\lpc_chip_175x_6x\Debug\liblpc_chip_175x_6x.a(uart_17xx_40xx.o)
                              0x11008 (size before relaxing)

.comment        0x00000000       0x70
 .comment       0x00000000       0x70 ./lpcusblib/Drivers/USB/Core/HCD/OHCI/OHCI.o
                                 0x71 (size before relaxing)
 .comment       0x00000000       0x71 ./lpcusblib/Drivers/USB/Core/HCD/HCD.o
 .comment       0x00000000       0x71 ./lpcusblib/Drivers/USB/Core/HAL/LPC17XX/HAL_LPC17xx.o
 .comment       0x00000000       0x71 ./lpcusblib/Drivers/USB/Core/ConfigDescriptor.o
 .comment       0x00000000       0x71 ./lpcusblib/Drivers/USB/Core/Host.o
 .comment       0x00000000       0x71 ./lpcusblib/Drivers/USB/Core/HostStandardReq.o
 .comment       0x00000000       0x71 ./lpcusblib/Drivers/USB/Core/Pipe.o
 .comment       0x00000000       0x71 ./lpcusblib/Drivers/USB/Core/PipeStream.o
 .comment       0x00000000       0x71 ./lpcusblib/Drivers/USB/Core/USBController.o
 .comment       0x00000000       0x71 ./lpcusblib/Drivers/USB/Core/USBMemory.o
 .comment       0x00000000       0x71 ./lpcusblib/Drivers/USB/Core/USBTask.o
 .comment       0x00000000       0x71 ./lpcusblib/Drivers/USB/Class/Host/MassStorageClassHost.o
 .comment       0x00000000       0x71 ./fatfs/src/ff.o
 .comment       0x00000000       0x71 ./fatfs/src/fs_usb.o
 .comment       0x00000000       0x71 ./fatfs/src/rtc.o
 .comment       0x00000000       0x71 ./example/src/MassStorageHost.o
 .comment       0x00000000       0x71 ./example/src/cr_startup_lpc175x_6x.o
 .comment       0x00000000       0x71 ./example/src/sysinit.o
 .comment       0x00000000       0x71 C:\projects\lpc_board_nxp_lpcxpresso_1769\Debug\liblpc_board_nxp_lpcxpresso_1769.a(board.o)
 .comment       0x00000000       0x71 C:\projects\lpc_board_nxp_lpcxpresso_1769\Debug\liblpc_board_nxp_lpcxpresso_1769.a(board_sysinit.o)
 .comment       0x00000000       0x71 C:\projects\lpc_chip_175x_6x\Debug\liblpc_chip_175x_6x.a(chip_17xx_40xx.o)
 .comment       0x00000000       0x71 C:\projects\lpc_chip_175x_6x\Debug\liblpc_chip_175x_6x.a(clock_17xx_40xx.o)
 .comment       0x00000000       0x71 C:\projects\lpc_chip_175x_6x\Debug\liblpc_chip_175x_6x.a(iocon_17xx_40xx.o)
 .comment       0x00000000       0x71 C:\projects\lpc_chip_175x_6x\Debug\liblpc_chip_175x_6x.a(rtc_17xx_40xx.o)
 .comment       0x00000000       0x71 C:\projects\lpc_chip_175x_6x\Debug\liblpc_chip_175x_6x.a(sysinit_17xx_40xx.o)
 .comment       0x00000000       0x71 C:\projects\lpc_chip_175x_6x\Debug\liblpc_chip_175x_6x.a(uart_17xx_40xx.o)
 .comment       0x00000000       0x71 c:/nxp/lpcxpresso_7.2.0_153/lpcxpresso/tools/bin/../lib/gcc/arm-none-eabi/4.8.3/../../../../arm-none-eabi/lib/armv7-m\libcr_nohost.a(_cr__main.o)
 .comment       0x00000000       0x71 c:/nxp/lpcxpresso_7.2.0_153/lpcxpresso/tools/bin/../lib/gcc/arm-none-eabi/4.8.3/../../../../arm-none-eabi/lib/armv7-m\libcr_c.a(memset.o)
 .comment       0x00000000       0x71 c:/nxp/lpcxpresso_7.2.0_153/lpcxpresso/tools/bin/../lib/gcc/arm-none-eabi/4.8.3/../../../../arm-none-eabi/lib/armv7-m\libcr_c.a(fpprintf.o)
 .comment       0x00000000       0x71 c:/nxp/lpcxpresso_7.2.0_153/lpcxpresso/tools/bin/../lib/gcc/arm-none-eabi/4.8.3/../../../../arm-none-eabi/lib/armv7-m\libcr_c.a(initio.o)
 .comment       0x00000000       0x71 c:/nxp/lpcxpresso_7.2.0_153/lpcxpresso/tools/bin/../lib/gcc/arm-none-eabi/4.8.3/../../../../arm-none-eabi/lib/armv7-m\libcr_c.a(printf.o)
 .comment       0x00000000       0x71 c:/nxp/lpcxpresso_7.2.0_153/lpcxpresso/tools/bin/../lib/gcc/arm-none-eabi/4.8.3/../../../../arm-none-eabi/lib/armv7-m\libcr_c.a(setvbuf.o)
 .comment       0x00000000       0x71 c:/nxp/lpcxpresso_7.2.0_153/lpcxpresso/tools/bin/../lib/gcc/arm-none-eabi/4.8.3/../../../../arm-none-eabi/lib/armv7-m\libcr_c.a(stdio.o)
 .comment       0x00000000       0x71 c:/nxp/lpcxpresso_7.2.0_153/lpcxpresso/tools/bin/../lib/gcc/arm-none-eabi/4.8.3/../../../../arm-none-eabi/lib/armv7-m\libcr_c.a(strlen.o)
 .comment       0x00000000       0x71 c:/nxp/lpcxpresso_7.2.0_153/lpcxpresso/tools/bin/../lib/gcc/arm-none-eabi/4.8.3/../../../../arm-none-eabi/lib/armv7-m\libcr_c.a(_deferredlazyseek.o)
 .comment       0x00000000       0x71 c:/nxp/lpcxpresso_7.2.0_153/lpcxpresso/tools/bin/../lib/gcc/arm-none-eabi/4.8.3/../../../../arm-none-eabi/lib/armv7-m\libcr_c.a(_fdopen.o)
 .comment       0x00000000       0x71 c:/nxp/lpcxpresso_7.2.0_153/lpcxpresso/tools/bin/../lib/gcc/arm-none-eabi/4.8.3/../../../../arm-none-eabi/lib/armv7-m\libcr_c.a(_fflush.o)
 .comment       0x00000000       0x71 c:/nxp/lpcxpresso_7.2.0_153/lpcxpresso/tools/bin/../lib/gcc/arm-none-eabi/4.8.3/../../../../arm-none-eabi/lib/armv7-m\libcr_c.a(_frexpl.o)
 .comment       0x00000000       0x71 c:/nxp/lpcxpresso_7.2.0_153/lpcxpresso/tools/bin/../lib/gcc/arm-none-eabi/4.8.3/../../../../arm-none-eabi/lib/armv7-m\libcr_c.a(_ldexpl.o)
 .comment       0x00000000       0x71 c:/nxp/lpcxpresso_7.2.0_153/lpcxpresso/tools/bin/../lib/gcc/arm-none-eabi/4.8.3/../../../../arm-none-eabi/lib/armv7-m\libcr_c.a(_writebuf.o)
 .comment       0x00000000       0x71 c:/nxp/lpcxpresso_7.2.0_153/lpcxpresso/tools/bin/../lib/gcc/arm-none-eabi/4.8.3/../../../../arm-none-eabi/lib/armv7-m\libcr_c.a(alloc.o)
 .comment       0x00000000       0x71 c:/nxp/lpcxpresso_7.2.0_153/lpcxpresso/tools/bin/../lib/gcc/arm-none-eabi/4.8.3/../../../../arm-none-eabi/lib/armv7-m\libcr_c.a(errno.o)
 .comment       0x00000000       0x71 c:/nxp/lpcxpresso_7.2.0_153/lpcxpresso/tools/bin/../lib/gcc/arm-none-eabi/4.8.3/../../../../arm-none-eabi/lib/armv7-m\libcr_c.a(fclose.o)
 .comment       0x00000000       0x71 c:/nxp/lpcxpresso_7.2.0_153/lpcxpresso/tools/bin/../lib/gcc/arm-none-eabi/4.8.3/../../../../arm-none-eabi/lib/armv7-m\libcr_c.a(fflush.o)
 .comment       0x00000000       0x71 c:/nxp/lpcxpresso_7.2.0_153/lpcxpresso/tools/bin/../lib/gcc/arm-none-eabi/4.8.3/../../../../arm-none-eabi/lib/armv7-m\libcr_c.a(fseek.o)
 .comment       0x00000000       0x71 c:/nxp/lpcxpresso_7.2.0_153/lpcxpresso/tools/bin/../lib/gcc/arm-none-eabi/4.8.3/../../../../arm-none-eabi/lib/armv7-m\libcr_c.a(ftell.o)
 .comment       0x00000000       0x71 c:/nxp/lpcxpresso_7.2.0_153/lpcxpresso/tools/bin/../lib/gcc/arm-none-eabi/4.8.3/../../../../arm-none-eabi/lib/armv7-m\libcr_c.a(remove.o)
 .comment       0x00000000       0x71 c:/nxp/lpcxpresso_7.2.0_153/lpcxpresso/tools/bin/../lib/gcc/arm-none-eabi/4.8.3/../../../../arm-none-eabi/lib/armv7-m\libcr_c.a(__init_alloc.o)
 .comment       0x00000000       0x71 c:/nxp/lpcxpresso_7.2.0_153/lpcxpresso/tools/bin/../lib/gcc/arm-none-eabi/4.8.3/../../../../arm-none-eabi/lib/armv7-m\libcr_c.a(_cr_sbrk.o)
 .comment       0x00000000       0x71 c:/nxp/lpcxpresso_7.2.0_153/lpcxpresso/tools/bin/../lib/gcc/arm-none-eabi/4.8.3/../../../../arm-none-eabi/lib/armv7-m\libcr_c.a(_do_fflush.o)
 .comment       0x00000000       0x71 c:/nxp/lpcxpresso_7.2.0_153/lpcxpresso/tools/bin/../lib/gcc/arm-none-eabi/4.8.3/../../../../arm-none-eabi/lib/armv7-m\libcr_c.a(_hugeval.o)
 .comment       0x00000000       0x71 c:/nxp/lpcxpresso_7.2.0_153/lpcxpresso/tools/bin/../lib/gcc/arm-none-eabi/4.8.3/../../../../arm-none-eabi/lib/armv7-m\libcr_c.a(_cr_check_heap.o)
 .comment       0x00000000       0x71 c:/nxp/lpcxpresso_7.2.0_153/lpcxpresso/tools/bin/../lib/gcc/arm-none-eabi/4.8.3/armv7-m\libcr_eabihelpers.a(double.o)
 .comment       0x00000000       0x71 c:/nxp/lpcxpresso_7.2.0_153/lpcxpresso/tools/bin/../lib/gcc/arm-none-eabi/4.8.3/../../../../arm-none-eabi/lib/armv7-m\libcr_nohost.a(__sys_appexit.o)
 .comment       0x00000000       0x71 c:/nxp/lpcxpresso_7.2.0_153/lpcxpresso/tools/bin/../lib/gcc/arm-none-eabi/4.8.3/../../../../arm-none-eabi/lib/armv7-m\libcr_nohost.a(__sys_close.o)
 .comment       0x00000000       0x71 c:/nxp/lpcxpresso_7.2.0_153/lpcxpresso/tools/bin/../lib/gcc/arm-none-eabi/4.8.3/../../../../arm-none-eabi/lib/armv7-m\libcr_nohost.a(__sys_flen.o)
 .comment       0x00000000       0x71 c:/nxp/lpcxpresso_7.2.0_153/lpcxpresso/tools/bin/../lib/gcc/arm-none-eabi/4.8.3/../../../../arm-none-eabi/lib/armv7-m\libcr_nohost.a(__sys_istty.o)
 .comment       0x00000000       0x71 c:/nxp/lpcxpresso_7.2.0_153/lpcxpresso/tools/bin/../lib/gcc/arm-none-eabi/4.8.3/../../../../arm-none-eabi/lib/armv7-m\libcr_nohost.a(__sys_remove.o)
 .comment       0x00000000       0x71 c:/nxp/lpcxpresso_7.2.0_153/lpcxpresso/tools/bin/../lib/gcc/arm-none-eabi/4.8.3/../../../../arm-none-eabi/lib/armv7-m\libcr_nohost.a(__sys_seek.o)
 .comment       0x00000000       0x71 c:/nxp/lpcxpresso_7.2.0_153/lpcxpresso/tools/bin/../lib/gcc/arm-none-eabi/4.8.3/../../../../arm-none-eabi/lib/armv7-m\libcr_nohost.a(__sys_tmpnam.o)

.ARM.attributes
                0x00000000       0x31
 .ARM.attributes
                0x00000000       0x33 ./lpcusblib/Drivers/USB/Core/HCD/OHCI/OHCI.o
 .ARM.attributes
                0x00000033       0x33 ./lpcusblib/Drivers/USB/Core/HCD/HCD.o
 .ARM.attributes
                0x00000066       0x33 ./lpcusblib/Drivers/USB/Core/HAL/LPC17XX/HAL_LPC17xx.o
 .ARM.attributes
                0x00000099       0x33 ./lpcusblib/Drivers/USB/Core/ConfigDescriptor.o
 .ARM.attributes
                0x000000cc       0x33 ./lpcusblib/Drivers/USB/Core/Host.o
 .ARM.attributes
                0x000000ff       0x33 ./lpcusblib/Drivers/USB/Core/HostStandardReq.o
 .ARM.attributes
                0x00000132       0x33 ./lpcusblib/Drivers/USB/Core/Pipe.o
 .ARM.attributes
                0x00000165       0x33 ./lpcusblib/Drivers/USB/Core/PipeStream.o
 .ARM.attributes
                0x00000198       0x33 ./lpcusblib/Drivers/USB/Core/USBController.o
 .ARM.attributes
                0x000001cb       0x33 ./lpcusblib/Drivers/USB/Core/USBMemory.o
 .ARM.attributes
                0x000001fe       0x33 ./lpcusblib/Drivers/USB/Core/USBTask.o
 .ARM.attributes
                0x00000231       0x33 ./lpcusblib/Drivers/USB/Class/Host/MassStorageClassHost.o
 .ARM.attributes
                0x00000264       0x33 ./fatfs/src/ff.o
 .ARM.attributes
                0x00000297       0x33 ./fatfs/src/fs_usb.o
 .ARM.attributes
                0x000002ca       0x33 ./fatfs/src/rtc.o
 .ARM.attributes
                0x000002fd       0x33 ./example/src/MassStorageHost.o
 .ARM.attributes
                0x00000330       0x33 ./example/src/cr_startup_lpc175x_6x.o
 .ARM.attributes
                0x00000363       0x33 ./example/src/sysinit.o
 .ARM.attributes
                0x00000396       0x33 C:\projects\lpc_board_nxp_lpcxpresso_1769\Debug\liblpc_board_nxp_lpcxpresso_1769.a(board.o)
 .ARM.attributes
                0x000003c9       0x33 C:\projects\lpc_board_nxp_lpcxpresso_1769\Debug\liblpc_board_nxp_lpcxpresso_1769.a(board_sysinit.o)
 .ARM.attributes
                0x000003fc       0x33 C:\projects\lpc_chip_175x_6x\Debug\liblpc_chip_175x_6x.a(chip_17xx_40xx.o)
 .ARM.attributes
                0x0000042f       0x33 C:\projects\lpc_chip_175x_6x\Debug\liblpc_chip_175x_6x.a(clock_17xx_40xx.o)
 .ARM.attributes
                0x00000462       0x33 C:\projects\lpc_chip_175x_6x\Debug\liblpc_chip_175x_6x.a(iocon_17xx_40xx.o)
 .ARM.attributes
                0x00000495       0x33 C:\projects\lpc_chip_175x_6x\Debug\liblpc_chip_175x_6x.a(rtc_17xx_40xx.o)
 .ARM.attributes
                0x000004c8       0x33 C:\projects\lpc_chip_175x_6x\Debug\liblpc_chip_175x_6x.a(sysinit_17xx_40xx.o)
 .ARM.attributes
                0x000004fb       0x33 C:\projects\lpc_chip_175x_6x\Debug\liblpc_chip_175x_6x.a(uart_17xx_40xx.o)
 .ARM.attributes
                0x0000052e       0x33 c:/nxp/lpcxpresso_7.2.0_153/lpcxpresso/tools/bin/../lib/gcc/arm-none-eabi/4.8.3/../../../../arm-none-eabi/lib/armv7-m\libcr_nohost.a(_cr__main.o)
 .ARM.attributes
                0x00000561       0x33 c:/nxp/lpcxpresso_7.2.0_153/lpcxpresso/tools/bin/../lib/gcc/arm-none-eabi/4.8.3/../../../../arm-none-eabi/lib/armv7-m\libcr_c.a(memset.o)
 .ARM.attributes
                0x00000594       0x33 c:/nxp/lpcxpresso_7.2.0_153/lpcxpresso/tools/bin/../lib/gcc/arm-none-eabi/4.8.3/../../../../arm-none-eabi/lib/armv7-m\libcr_c.a(fpprintf.o)
 .ARM.attributes
                0x000005c7       0x33 c:/nxp/lpcxpresso_7.2.0_153/lpcxpresso/tools/bin/../lib/gcc/arm-none-eabi/4.8.3/../../../../arm-none-eabi/lib/armv7-m\libcr_c.a(initio.o)
 .ARM.attributes
                0x000005fa       0x33 c:/nxp/lpcxpresso_7.2.0_153/lpcxpresso/tools/bin/../lib/gcc/arm-none-eabi/4.8.3/../../../../arm-none-eabi/lib/armv7-m\libcr_c.a(printf.o)
 .ARM.attributes
                0x0000062d       0x33 c:/nxp/lpcxpresso_7.2.0_153/lpcxpresso/tools/bin/../lib/gcc/arm-none-eabi/4.8.3/../../../../arm-none-eabi/lib/armv7-m\libcr_c.a(setvbuf.o)
 .ARM.attributes
                0x00000660       0x33 c:/nxp/lpcxpresso_7.2.0_153/lpcxpresso/tools/bin/../lib/gcc/arm-none-eabi/4.8.3/../../../../arm-none-eabi/lib/armv7-m\libcr_c.a(stdio.o)
 .ARM.attributes
                0x00000693       0x33 c:/nxp/lpcxpresso_7.2.0_153/lpcxpresso/tools/bin/../lib/gcc/arm-none-eabi/4.8.3/../../../../arm-none-eabi/lib/armv7-m\libcr_c.a(strlen.o)
 .ARM.attributes
                0x000006c6       0x33 c:/nxp/lpcxpresso_7.2.0_153/lpcxpresso/tools/bin/../lib/gcc/arm-none-eabi/4.8.3/../../../../arm-none-eabi/lib/armv7-m\libcr_c.a(_deferredlazyseek.o)