21:04:11 **** Build of configuration Debug for project lpc_board_nxp_lpcxpresso_1769 ****
make all 
Building file: ../src/board.c
Invoking: MCU C Compiler
arm-none-eabi-gcc -D__REDLIB__ -DDEBUG -D__CODE_RED -D__USE_LPCOPEN -DCORE_M3 -I"C:\projects\lpc_chip_175x_6x\inc" -I"C:\projects\lpc_board_nxp_lpcxpresso_1769\inc" -Og -g3 -Wall -c -fmessage-length=0 -fno-builtin -ffunction-sections -fdata-sections -mcpu=cortex-m3 -mthumb -specs=redlib.specs -MMD -MP -MF"src/board.d" -MT"src/board.d" -o "src/board.o" "../src/board.c"
../src/board.c: In function 'Board_I2C_Init':
../src/board.c:267:2: warning: enumeration value 'I2C_NUM_INTERFACE' not handled in switch [-Wswitch]
  switch (id) {
  ^
Finished building: ../src/board.c
 
Building file: ../src/board_sysinit.c
Invoking: MCU C Compiler
arm-none-eabi-gcc -D__REDLIB__ -DDEBUG -D__CODE_RED -D__USE_LPCOPEN -DCORE_M3 -I"C:\projects\lpc_chip_175x_6x\inc" -I"C:\projects\lpc_board_nxp_lpcxpresso_1769\inc" -Og -g3 -Wall -c -fmessage-length=0 -fno-builtin -ffunction-sections -fdata-sections -mcpu=cortex-m3 -mthumb -specs=redlib.specs -MMD -MP -MF"src/board_sysinit.d" -MT"src/board_sysinit.d" -o "src/board_sysinit.o" "../src/board_sysinit.c"
Finished building: ../src/board_sysinit.c
 
Building file: ../src/lpc_phy_smsc87x0.c
Invoking: MCU C Compiler
arm-none-eabi-gcc -D__REDLIB__ -DDEBUG -D__CODE_RED -D__USE_LPCOPEN -DCORE_M3 -I"C:\projects\lpc_chip_175x_6x\inc" -I"C:\projects\lpc_board_nxp_lpcxpresso_1769\inc" -Og -g3 -Wall -c -fmessage-length=0 -fno-builtin -ffunction-sections -fdata-sections -mcpu=cortex-m3 -mthumb -specs=redlib.specs -MMD -MP -MF"src/lpc_phy_smsc87x0.d" -MT"src/lpc_phy_smsc87x0.d" -o "src/lpc_phy_smsc87x0.o" "../src/lpc_phy_smsc87x0.c"
Finished building: ../src/lpc_phy_smsc87x0.c
 
Building target: liblpc_board_nxp_lpcxpresso_1769.a
Invoking: MCU Archiver
arm-none-eabi-ar -r  "liblpc_board_nxp_lpcxpresso_1769.a"  ./src/board.o ./src/board_sysinit.o ./src/lpc_phy_smsc87x0.o   
c:\nxp\LPCXpresso_7.2.0_153\lpcxpresso\tools\bin\arm-none-eabi-ar.exe: creating liblpc_board_nxp_lpcxpresso_1769.a
Finished building target: liblpc_board_nxp_lpcxpresso_1769.a
 
make --no-print-directory post-build
Performing post-build steps
arm-none-eabi-size "liblpc_board_nxp_lpcxpresso_1769.a" ; # arm-none-eabi-objdump -h -S "liblpc_board_nxp_lpcxpresso_1769.a" >"liblpc_board_nxp_lpcxpresso_1769.lss"
   text	   data	    bss	    dec	    hex	filename
   1072	      0	      0	   1072	    430	board.o (ex liblpc_board_nxp_lpcxpresso_1769.a)
    156	      0	      0	    156	     9c	board_sysinit.o (ex liblpc_board_nxp_lpcxpresso_1769.a)
    576	      0	     18	    594	    252	lpc_phy_smsc87x0.o (ex liblpc_board_nxp_lpcxpresso_1769.a)
 

21:04:14 Build Finished (took 3s.58ms)

