21:04:33 **** Build of configuration Debug for project lpcusblib_MassStorageHost ****
make all 
Building file: ../lpcusblib/Drivers/USB/Core/HCD/OHCI/OHCI.c
Invoking: MCU C Compiler
arm-none-eabi-gcc -std=gnu99 -D__REDLIB__ -DDEBUG -D__CODE_RED -D__USE_LPCOPEN -D__LPC175X_6X__ -DUSB_HOST_ONLY -DCORE_M3 -I"C:\projects\lpc_chip_175x_6x\inc" -I"C:\projects\lpc_board_nxp_lpcxpresso_1769\inc" -I"C:\projects\lpcusblib_MassStorageHost\example\inc" -I"C:\projects\lpcusblib_MassStorageHost\lpcusblib\Drivers\USB" -I"C:\projects\lpcusblib_MassStorageHost\fatfs\inc" -Og -g3 -Wall -c -fmessage-length=0 -fno-builtin -ffunction-sections -fdata-sections -mcpu=cortex-m3 -mthumb -specs=redlib.specs -MMD -MP -MF"lpcusblib/Drivers/USB/Core/HCD/OHCI/OHCI.d" -MT"lpcusblib/Drivers/USB/Core/HCD/OHCI/OHCI.d" -o "lpcusblib/Drivers/USB/Core/HCD/OHCI/OHCI.o" "../lpcusblib/Drivers/USB/Core/HCD/OHCI/OHCI.c"
Finished building: ../lpcusblib/Drivers/USB/Core/HCD/OHCI/OHCI.c
 
Building file: ../lpcusblib/Drivers/USB/Core/HCD/HCD.c
Invoking: MCU C Compiler
arm-none-eabi-gcc -std=gnu99 -D__REDLIB__ -DDEBUG -D__CODE_RED -D__USE_LPCOPEN -D__LPC175X_6X__ -DUSB_HOST_ONLY -DCORE_M3 -I"C:\projects\lpc_chip_175x_6x\inc" -I"C:\projects\lpc_board_nxp_lpcxpresso_1769\inc" -I"C:\projects\lpcusblib_MassStorageHost\example\inc" -I"C:\projects\lpcusblib_MassStorageHost\lpcusblib\Drivers\USB" -I"C:\projects\lpcusblib_MassStorageHost\fatfs\inc" -Og -g3 -Wall -c -fmessage-length=0 -fno-builtin -ffunction-sections -fdata-sections -mcpu=cortex-m3 -mthumb -specs=redlib.specs -MMD -MP -MF"lpcusblib/Drivers/USB/Core/HCD/HCD.d" -MT"lpcusblib/Drivers/USB/Core/HCD/HCD.d" -o "lpcusblib/Drivers/USB/Core/HCD/HCD.o" "../lpcusblib/Drivers/USB/Core/HCD/HCD.c"
Finished building: ../lpcusblib/Drivers/USB/Core/HCD/HCD.c
 
Building file: ../lpcusblib/Drivers/USB/Core/HAL/LPC17XX/HAL_LPC17xx.c
Invoking: MCU C Compiler
arm-none-eabi-gcc -std=gnu99 -D__REDLIB__ -DDEBUG -D__CODE_RED -D__USE_LPCOPEN -D__LPC175X_6X__ -DUSB_HOST_ONLY -DCORE_M3 -I"C:\projects\lpc_chip_175x_6x\inc" -I"C:\projects\lpc_board_nxp_lpcxpresso_1769\inc" -I"C:\projects\lpcusblib_MassStorageHost\example\inc" -I"C:\projects\lpcusblib_MassStorageHost\lpcusblib\Drivers\USB" -I"C:\projects\lpcusblib_MassStorageHost\fatfs\inc" -Og -g3 -Wall -c -fmessage-length=0 -fno-builtin -ffunction-sections -fdata-sections -mcpu=cortex-m3 -mthumb -specs=redlib.specs -MMD -MP -MF"lpcusblib/Drivers/USB/Core/HAL/LPC17XX/HAL_LPC17xx.d" -MT"lpcusblib/Drivers/USB/Core/HAL/LPC17XX/HAL_LPC17xx.d" -o "lpcusblib/Drivers/USB/Core/HAL/LPC17XX/HAL_LPC17xx.o" "../lpcusblib/Drivers/USB/Core/HAL/LPC17XX/HAL_LPC17xx.c"
Finished building: ../lpcusblib/Drivers/USB/Core/HAL/LPC17XX/HAL_LPC17xx.c
 
Building file: ../lpcusblib/Drivers/USB/Core/ConfigDescriptor.c
Invoking: MCU C Compiler
arm-none-eabi-gcc -std=gnu99 -D__REDLIB__ -DDEBUG -D__CODE_RED -D__USE_LPCOPEN -D__LPC175X_6X__ -DUSB_HOST_ONLY -DCORE_M3 -I"C:\projects\lpc_chip_175x_6x\inc" -I"C:\projects\lpc_board_nxp_lpcxpresso_1769\inc" -I"C:\projects\lpcusblib_MassStorageHost\example\inc" -I"C:\projects\lpcusblib_MassStorageHost\lpcusblib\Drivers\USB" -I"C:\projects\lpcusblib_MassStorageHost\fatfs\inc" -Og -g3 -Wall -c -fmessage-length=0 -fno-builtin -ffunction-sections -fdata-sections -mcpu=cortex-m3 -mthumb -specs=redlib.specs -MMD -MP -MF"lpcusblib/Drivers/USB/Core/ConfigDescriptor.d" -MT"lpcusblib/Drivers/USB/Core/ConfigDescriptor.d" -o "lpcusblib/Drivers/USB/Core/ConfigDescriptor.o" "../lpcusblib/Drivers/USB/Core/ConfigDescriptor.c"
Finished building: ../lpcusblib/Drivers/USB/Core/ConfigDescriptor.c
 
Building file: ../lpcusblib/Drivers/USB/Core/Host.c
Invoking: MCU C Compiler
arm-none-eabi-gcc -std=gnu99 -D__REDLIB__ -DDEBUG -D__CODE_RED -D__USE_LPCOPEN -D__LPC175X_6X__ -DUSB_HOST_ONLY -DCORE_M3 -I"C:\projects\lpc_chip_175x_6x\inc" -I"C:\projects\lpc_board_nxp_lpcxpresso_1769\inc" -I"C:\projects\lpcusblib_MassStorageHost\example\inc" -I"C:\projects\lpcusblib_MassStorageHost\lpcusblib\Drivers\USB" -I"C:\projects\lpcusblib_MassStorageHost\fatfs\inc" -Og -g3 -Wall -c -fmessage-length=0 -fno-builtin -ffunction-sections -fdata-sections -mcpu=cortex-m3 -mthumb -specs=redlib.specs -MMD -MP -MF"lpcusblib/Drivers/USB/Core/Host.d" -MT"lpcusblib/Drivers/USB/Core/Host.d" -o "lpcusblib/Drivers/USB/Core/Host.o" "../lpcusblib/Drivers/USB/Core/Host.c"
Finished building: ../lpcusblib/Drivers/USB/Core/Host.c
 
Building file: ../lpcusblib/Drivers/USB/Core/HostStandardReq.c
Invoking: MCU C Compiler
arm-none-eabi-gcc -std=gnu99 -D__REDLIB__ -DDEBUG -D__CODE_RED -D__USE_LPCOPEN -D__LPC175X_6X__ -DUSB_HOST_ONLY -DCORE_M3 -I"C:\projects\lpc_chip_175x_6x\inc" -I"C:\projects\lpc_board_nxp_lpcxpresso_1769\inc" -I"C:\projects\lpcusblib_MassStorageHost\example\inc" -I"C:\projects\lpcusblib_MassStorageHost\lpcusblib\Drivers\USB" -I"C:\projects\lpcusblib_MassStorageHost\fatfs\inc" -Og -g3 -Wall -c -fmessage-length=0 -fno-builtin -ffunction-sections -fdata-sections -mcpu=cortex-m3 -mthumb -specs=redlib.specs -MMD -MP -MF"lpcusblib/Drivers/USB/Core/HostStandardReq.d" -MT"lpcusblib/Drivers/USB/Core/HostStandardReq.d" -o "lpcusblib/Drivers/USB/Core/HostStandardReq.o" "../lpcusblib/Drivers/USB/Core/HostStandardReq.c"
Finished building: ../lpcusblib/Drivers/USB/Core/HostStandardReq.c
 
Building file: ../lpcusblib/Drivers/USB/Core/Pipe.c
Invoking: MCU C Compiler
arm-none-eabi-gcc -std=gnu99 -D__REDLIB__ -DDEBUG -D__CODE_RED -D__USE_LPCOPEN -D__LPC175X_6X__ -DUSB_HOST_ONLY -DCORE_M3 -I"C:\projects\lpc_chip_175x_6x\inc" -I"C:\projects\lpc_board_nxp_lpcxpresso_1769\inc" -I"C:\projects\lpcusblib_MassStorageHost\example\inc" -I"C:\projects\lpcusblib_MassStorageHost\lpcusblib\Drivers\USB" -I"C:\projects\lpcusblib_MassStorageHost\fatfs\inc" -Og -g3 -Wall -c -fmessage-length=0 -fno-builtin -ffunction-sections -fdata-sections -mcpu=cortex-m3 -mthumb -specs=redlib.specs -MMD -MP -MF"lpcusblib/Drivers/USB/Core/Pipe.d" -MT"lpcusblib/Drivers/USB/Core/Pipe.d" -o "lpcusblib/Drivers/USB/Core/Pipe.o" "../lpcusblib/Drivers/USB/Core/Pipe.c"
Finished building: ../lpcusblib/Drivers/USB/Core/Pipe.c
 
Building file: ../lpcusblib/Drivers/USB/Core/PipeStream.c
Invoking: MCU C Compiler
arm-none-eabi-gcc -std=gnu99 -D__REDLIB__ -DDEBUG -D__CODE_RED -D__USE_LPCOPEN -D__LPC175X_6X__ -DUSB_HOST_ONLY -DCORE_M3 -I"C:\projects\lpc_chip_175x_6x\inc" -I"C:\projects\lpc_board_nxp_lpcxpresso_1769\inc" -I"C:\projects\lpcusblib_MassStorageHost\example\inc" -I"C:\projects\lpcusblib_MassStorageHost\lpcusblib\Drivers\USB" -I"C:\projects\lpcusblib_MassStorageHost\fatfs\inc" -Og -g3 -Wall -c -fmessage-length=0 -fno-builtin -ffunction-sections -fdata-sections -mcpu=cortex-m3 -mthumb -specs=redlib.specs -MMD -MP -MF"lpcusblib/Drivers/USB/Core/PipeStream.d" -MT"lpcusblib/Drivers/USB/Core/PipeStream.d" -o "lpcusblib/Drivers/USB/Core/PipeStream.o" "../lpcusblib/Drivers/USB/Core/PipeStream.c"
Finished building: ../lpcusblib/Drivers/USB/Core/PipeStream.c
 
Building file: ../lpcusblib/Drivers/USB/Core/USBController.c
Invoking: MCU C Compiler
arm-none-eabi-gcc -std=gnu99 -D__REDLIB__ -DDEBUG -D__CODE_RED -D__USE_LPCOPEN -D__LPC175X_6X__ -DUSB_HOST_ONLY -DCORE_M3 -I"C:\projects\lpc_chip_175x_6x\inc" -I"C:\projects\lpc_board_nxp_lpcxpresso_1769\inc" -I"C:\projects\lpcusblib_MassStorageHost\example\inc" -I"C:\projects\lpcusblib_MassStorageHost\lpcusblib\Drivers\USB" -I"C:\projects\lpcusblib_MassStorageHost\fatfs\inc" -Og -g3 -Wall -c -fmessage-length=0 -fno-builtin -ffunction-sections -fdata-sections -mcpu=cortex-m3 -mthumb -specs=redlib.specs -MMD -MP -MF"lpcusblib/Drivers/USB/Core/USBController.d" -MT"lpcusblib/Drivers/USB/Core/USBController.d" -o "lpcusblib/Drivers/USB/Core/USBController.o" "../lpcusblib/Drivers/USB/Core/USBController.c"
Finished building: ../lpcusblib/Drivers/USB/Core/USBController.c
 
Building file: ../lpcusblib/Drivers/USB/Core/USBMemory.c
Invoking: MCU C Compiler
arm-none-eabi-gcc -std=gnu99 -D__REDLIB__ -DDEBUG -D__CODE_RED -D__USE_LPCOPEN -D__LPC175X_6X__ -DUSB_HOST_ONLY -DCORE_M3 -I"C:\projects\lpc_chip_175x_6x\inc" -I"C:\projects\lpc_board_nxp_lpcxpresso_1769\inc" -I"C:\projects\lpcusblib_MassStorageHost\example\inc" -I"C:\projects\lpcusblib_MassStorageHost\lpcusblib\Drivers\USB" -I"C:\projects\lpcusblib_MassStorageHost\fatfs\inc" -Og -g3 -Wall -c -fmessage-length=0 -fno-builtin -ffunction-sections -fdata-sections -mcpu=cortex-m3 -mthumb -specs=redlib.specs -MMD -MP -MF"lpcusblib/Drivers/USB/Core/USBMemory.d" -MT"lpcusblib/Drivers/USB/Core/USBMemory.d" -o "lpcusblib/Drivers/USB/Core/USBMemory.o" "../lpcusblib/Drivers/USB/Core/USBMemory.c"
Finished building: ../lpcusblib/Drivers/USB/Core/USBMemory.c
 
Building file: ../lpcusblib/Drivers/USB/Core/USBTask.c
Invoking: MCU C Compiler
arm-none-eabi-gcc -std=gnu99 -D__REDLIB__ -DDEBUG -D__CODE_RED -D__USE_LPCOPEN -D__LPC175X_6X__ -DUSB_HOST_ONLY -DCORE_M3 -I"C:\projects\lpc_chip_175x_6x\inc" -I"C:\projects\lpc_board_nxp_lpcxpresso_1769\inc" -I"C:\projects\lpcusblib_MassStorageHost\example\inc" -I"C:\projects\lpcusblib_MassStorageHost\lpcusblib\Drivers\USB" -I"C:\projects\lpcusblib_MassStorageHost\fatfs\inc" -Og -g3 -Wall -c -fmessage-length=0 -fno-builtin -ffunction-sections -fdata-sections -mcpu=cortex-m3 -mthumb -specs=redlib.specs -MMD -MP -MF"lpcusblib/Drivers/USB/Core/USBTask.d" -MT"lpcusblib/Drivers/USB/Core/USBTask.d" -o "lpcusblib/Drivers/USB/Core/USBTask.o" "../lpcusblib/Drivers/USB/Core/USBTask.c"
Finished building: ../lpcusblib/Drivers/USB/Core/USBTask.c
 
Building file: ../lpcusblib/Drivers/USB/Class/Host/MassStorageClassHost.c
Invoking: MCU C Compiler
arm-none-eabi-gcc -std=gnu99 -D__REDLIB__ -DDEBUG -D__CODE_RED -D__USE_LPCOPEN -D__LPC175X_6X__ -DUSB_HOST_ONLY -DCORE_M3 -I"C:\projects\lpc_chip_175x_6x\inc" -I"C:\projects\lpc_board_nxp_lpcxpresso_1769\inc" -I"C:\projects\lpcusblib_MassStorageHost\example\inc" -I"C:\projects\lpcusblib_MassStorageHost\lpcusblib\Drivers\USB" -I"C:\projects\lpcusblib_MassStorageHost\fatfs\inc" -Og -g3 -Wall -c -fmessage-length=0 -fno-builtin -ffunction-sections -fdata-sections -mcpu=cortex-m3 -mthumb -specs=redlib.specs -MMD -MP -MF"lpcusblib/Drivers/USB/Class/Host/MassStorageClassHost.d" -MT"lpcusblib/Drivers/USB/Class/Host/MassStorageClassHost.d" -o "lpcusblib/Drivers/USB/Class/Host/MassStorageClassHost.o" "../lpcusblib/Drivers/USB/Class/Host/MassStorageClassHost.c"
Finished building: ../lpcusblib/Drivers/USB/Class/Host/MassStorageClassHost.c
 
Building file: ../lpcusblib/Drivers/USB/Class/Common/HIDParser.c
Invoking: MCU C Compiler
arm-none-eabi-gcc -std=gnu99 -D__REDLIB__ -DDEBUG -D__CODE_RED -D__USE_LPCOPEN -D__LPC175X_6X__ -DUSB_HOST_ONLY -DCORE_M3 -I"C:\projects\lpc_chip_175x_6x\inc" -I"C:\projects\lpc_board_nxp_lpcxpresso_1769\inc" -I"C:\projects\lpcusblib_MassStorageHost\example\inc" -I"C:\projects\lpcusblib_MassStorageHost\lpcusblib\Drivers\USB" -I"C:\projects\lpcusblib_MassStorageHost\fatfs\inc" -Og -g3 -Wall -c -fmessage-length=0 -fno-builtin -ffunction-sections -fdata-sections -mcpu=cortex-m3 -mthumb -specs=redlib.specs -MMD -MP -MF"lpcusblib/Drivers/USB/Class/Common/HIDParser.d" -MT"lpcusblib/Drivers/USB/Class/Common/HIDParser.d" -o "lpcusblib/Drivers/USB/Class/Common/HIDParser.o" "../lpcusblib/Drivers/USB/Class/Common/HIDParser.c"
Finished building: ../lpcusblib/Drivers/USB/Class/Common/HIDParser.c
 
Building file: ../fatfs/src/ff.c
Invoking: MCU C Compiler
arm-none-eabi-gcc -std=gnu99 -D__REDLIB__ -DDEBUG -D__CODE_RED -D__USE_LPCOPEN -D__LPC175X_6X__ -DUSB_HOST_ONLY -DCORE_M3 -I"C:\projects\lpc_chip_175x_6x\inc" -I"C:\projects\lpc_board_nxp_lpcxpresso_1769\inc" -I"C:\projects\lpcusblib_MassStorageHost\example\inc" -I"C:\projects\lpcusblib_MassStorageHost\lpcusblib\Drivers\USB" -I"C:\projects\lpcusblib_MassStorageHost\fatfs\inc" -Og -g3 -Wall -c -fmessage-length=0 -fno-builtin -ffunction-sections -fdata-sections -mcpu=cortex-m3 -mthumb -specs=redlib.specs -MMD -MP -MF"fatfs/src/ff.d" -MT"fatfs/src/ff.d" -o "fatfs/src/ff.o" "../fatfs/src/ff.c"
Finished building: ../fatfs/src/ff.c
 
Building file: ../fatfs/src/fs_usb.c
Invoking: MCU C Compiler
arm-none-eabi-gcc -std=gnu99 -D__REDLIB__ -DDEBUG -D__CODE_RED -D__USE_LPCOPEN -D__LPC175X_6X__ -DUSB_HOST_ONLY -DCORE_M3 -I"C:\projects\lpc_chip_175x_6x\inc" -I"C:\projects\lpc_board_nxp_lpcxpresso_1769\inc" -I"C:\projects\lpcusblib_MassStorageHost\example\inc" -I"C:\projects\lpcusblib_MassStorageHost\lpcusblib\Drivers\USB" -I"C:\projects\lpcusblib_MassStorageHost\fatfs\inc" -Og -g3 -Wall -c -fmessage-length=0 -fno-builtin -ffunction-sections -fdata-sections -mcpu=cortex-m3 -mthumb -specs=redlib.specs -MMD -MP -MF"fatfs/src/fs_usb.d" -MT"fatfs/src/fs_usb.d" -o "fatfs/src/fs_usb.o" "../fatfs/src/fs_usb.c"
Finished building: ../fatfs/src/fs_usb.c
 
Building file: ../fatfs/src/rtc.c
Invoking: MCU C Compiler
arm-none-eabi-gcc -std=gnu99 -D__REDLIB__ -DDEBUG -D__CODE_RED -D__USE_LPCOPEN -D__LPC175X_6X__ -DUSB_HOST_ONLY -DCORE_M3 -I"C:\projects\lpc_chip_175x_6x\inc" -I"C:\projects\lpc_board_nxp_lpcxpresso_1769\inc" -I"C:\projects\lpcusblib_MassStorageHost\example\inc" -I"C:\projects\lpcusblib_MassStorageHost\lpcusblib\Drivers\USB" -I"C:\projects\lpcusblib_MassStorageHost\fatfs\inc" -Og -g3 -Wall -c -fmessage-length=0 -fno-builtin -ffunction-sections -fdata-sections -mcpu=cortex-m3 -mthumb -specs=redlib.specs -MMD -MP -MF"fatfs/src/rtc.d" -MT"fatfs/src/rtc.d" -o "fatfs/src/rtc.o" "../fatfs/src/rtc.c"
Finished building: ../fatfs/src/rtc.c
 
Building file: ../example/src/MassStorageHost.c
Invoking: MCU C Compiler
arm-none-eabi-gcc -std=gnu99 -D__REDLIB__ -DDEBUG -D__CODE_RED -D__USE_LPCOPEN -D__LPC175X_6X__ -DUSB_HOST_ONLY -DCORE_M3 -I"C:\projects\lpc_chip_175x_6x\inc" -I"C:\projects\lpc_board_nxp_lpcxpresso_1769\inc" -I"C:\projects\lpcusblib_MassStorageHost\example\inc" -I"C:\projects\lpcusblib_MassStorageHost\lpcusblib\Drivers\USB" -I"C:\projects\lpcusblib_MassStorageHost\fatfs\inc" -Og -g3 -Wall -c -fmessage-length=0 -fno-builtin -ffunction-sections -fdata-sections -mcpu=cortex-m3 -mthumb -specs=redlib.specs -MMD -MP -MF"example/src/MassStorageHost.d" -MT"example/src/MassStorageHost.d" -o "example/src/MassStorageHost.o" "../example/src/MassStorageHost.c"
Finished building: ../example/src/MassStorageHost.c
 
Building file: ../example/src/cr_startup_lpc175x_6x.c
Invoking: MCU C Compiler
arm-none-eabi-gcc -std=gnu99 -D__REDLIB__ -DDEBUG -D__CODE_RED -D__USE_LPCOPEN -D__LPC175X_6X__ -DUSB_HOST_ONLY -DCORE_M3 -I"C:\projects\lpc_chip_175x_6x\inc" -I"C:\projects\lpc_board_nxp_lpcxpresso_1769\inc" -I"C:\projects\lpcusblib_MassStorageHost\example\inc" -I"C:\projects\lpcusblib_MassStorageHost\lpcusblib\Drivers\USB" -I"C:\projects\lpcusblib_MassStorageHost\fatfs\inc" -Og -g3 -Wall -c -fmessage-length=0 -fno-builtin -ffunction-sections -fdata-sections -mcpu=cortex-m3 -mthumb -specs=redlib.specs -MMD -MP -MF"example/src/cr_startup_lpc175x_6x.d" -MT"example/src/cr_startup_lpc175x_6x.d" -o "example/src/cr_startup_lpc175x_6x.o" "../example/src/cr_startup_lpc175x_6x.c"
Finished building: ../example/src/cr_startup_lpc175x_6x.c
 
Building file: ../example/src/sysinit.c
Invoking: MCU C Compiler
arm-none-eabi-gcc -std=gnu99 -D__REDLIB__ -DDEBUG -D__CODE_RED -D__USE_LPCOPEN -D__LPC175X_6X__ -DUSB_HOST_ONLY -DCORE_M3 -I"C:\projects\lpc_chip_175x_6x\inc" -I"C:\projects\lpc_board_nxp_lpcxpresso_1769\inc" -I"C:\projects\lpcusblib_MassStorageHost\example\inc" -I"C:\projects\lpcusblib_MassStorageHost\lpcusblib\Drivers\USB" -I"C:\projects\lpcusblib_MassStorageHost\fatfs\inc" -Og -g3 -Wall -c -fmessage-length=0 -fno-builtin -ffunction-sections -fdata-sections -mcpu=cortex-m3 -mthumb -specs=redlib.specs -MMD -MP -MF"example/src/sysinit.d" -MT"example/src/sysinit.d" -o "example/src/sysinit.o" "../example/src/sysinit.c"
Finished building: ../example/src/sysinit.c
 
Building target: lpcusblib_MassStorageHost.axf
Invoking: MCU Linker
arm-none-eabi-gcc -nostdlib -L"C:\projects\lpc_chip_175x_6x\Debug" -L"C:\projects\lpc_board_nxp_lpcxpresso_1769\Debug" -Xlinker -Map="lpcusblib_MassStorageHost.map" -Xlinker --gc-sections -mcpu=cortex-m3 -mthumb -T "lpcusblib_MassStorageHost_Debug.ld" -o "lpcusblib_MassStorageHost.axf"  ./lpcusblib/Drivers/USB/Core/HCD/OHCI/OHCI.o  ./lpcusblib/Drivers/USB/Core/HCD/HCD.o  ./lpcusblib/Drivers/USB/Core/HAL/LPC17XX/HAL_LPC17xx.o  ./lpcusblib/Drivers/USB/Core/ConfigDescriptor.o ./lpcusblib/Drivers/USB/Core/Host.o ./lpcusblib/Drivers/USB/Core/HostStandardReq.o ./lpcusblib/Drivers/USB/Core/Pipe.o ./lpcusblib/Drivers/USB/Core/PipeStream.o ./lpcusblib/Drivers/USB/Core/USBController.o ./lpcusblib/Drivers/USB/Core/USBMemory.o ./lpcusblib/Drivers/USB/Core/USBTask.o  ./lpcusblib/Drivers/USB/Class/Host/MassStorageClassHost.o  ./lpcusblib/Drivers/USB/Class/Common/HIDParser.o  ./fatfs/src/ff.o ./fatfs/src/fs_usb.o ./fatfs/src/rtc.o  ./example/src/MassStorageHost.o ./example/src/cr_startup_lpc175x_6x.o ./example/src/sysinit.o   -llpc_board_nxp_lpcxpresso_1769 -llpc_chip_175x_6x
Finished building target: lpcusblib_MassStorageHost.axf
 
make --no-print-directory post-build
Performing post-build steps
arm-none-eabi-size "lpcusblib_MassStorageHost.axf"; # arm-none-eabi-objcopy -v -O binary "lpcusblib_MassStorageHost.axf" "lpcusblib_MassStorageHost.bin" ; # checksum -p LPC1769 -d "lpcusblib_MassStorageHost.bin";
   text	   data	    bss	    dec	    hex	filename
  28648	     24	  15208	  43880	   ab68	lpcusblib_MassStorageHost.axf
 

21:04:46 Build Finished (took 13s.651ms)

